Archive member included to satisfy reference by file (symbol)

/usr/bin/../lib/gcc/arm-none-eabi/6.2.1/thumb/v7-m/libgcc.a(_arm_addsubsf3.o)
                              ../Drivers/Driver_ADC/stm32f10x_driver_adc.o (__aeabi_fsub)
/usr/bin/../lib/gcc/arm-none-eabi/6.2.1/thumb/v7-m/libgcc.a(_arm_muldivsf3.o)
                              ../Drivers/Driver_ADC/stm32f10x_driver_adc.o (__aeabi_fmul)
/usr/bin/../lib/gcc/arm-none-eabi/6.2.1/thumb/v7-m/libgcc.a(_arm_fixsfsi.o)
                              ../Drivers/Driver_ADC/stm32f10x_driver_adc.o (__aeabi_f2iz)
/usr/bin/../lib/gcc/arm-none-eabi/6.2.1/thumb/v7-m/libgcc.a(_arm_fixunssfsi.o)
                              ../Drivers/Driver_USART/stm32f10x_driver_usart.o (__aeabi_f2uiz)
/usr/bin/../lib/gcc/arm-none-eabi/6.2.1/../../../../arm-none-eabi/lib/thumb/v7-m/libg.a(lib_a-printf.o)
                              ../Modules/Module_NRF24L01/stm32f10x_module_nrf24l01.o (printf)
/usr/bin/../lib/gcc/arm-none-eabi/6.2.1/../../../../arm-none-eabi/lib/thumb/v7-m/libg.a(lib_a-vfprintf.o)
                              /usr/bin/../lib/gcc/arm-none-eabi/6.2.1/../../../../arm-none-eabi/lib/thumb/v7-m/libg.a(lib_a-printf.o) (_vfprintf_r)
/usr/bin/../lib/gcc/arm-none-eabi/6.2.1/../../../../arm-none-eabi/lib/thumb/v7-m/libg.a(lib_a-wsetup.o)
                              /usr/bin/../lib/gcc/arm-none-eabi/6.2.1/../../../../arm-none-eabi/lib/thumb/v7-m/libg.a(lib_a-vfprintf.o) (__swsetup_r)
/usr/bin/../lib/gcc/arm-none-eabi/6.2.1/../../../../arm-none-eabi/lib/thumb/v7-m/libg.a(lib_a-dtoa.o)
                              /usr/bin/../lib/gcc/arm-none-eabi/6.2.1/../../../../arm-none-eabi/lib/thumb/v7-m/libg.a(lib_a-vfprintf.o) (_dtoa_r)
/usr/bin/../lib/gcc/arm-none-eabi/6.2.1/../../../../arm-none-eabi/lib/thumb/v7-m/libg.a(lib_a-fflush.o)
                              /usr/bin/../lib/gcc/arm-none-eabi/6.2.1/../../../../arm-none-eabi/lib/thumb/v7-m/libg.a(lib_a-vfprintf.o) (_fflush_r)
/usr/bin/../lib/gcc/arm-none-eabi/6.2.1/../../../../arm-none-eabi/lib/thumb/v7-m/libg.a(lib_a-findfp.o)
                              /usr/bin/../lib/gcc/arm-none-eabi/6.2.1/../../../../arm-none-eabi/lib/thumb/v7-m/libg.a(lib_a-vfprintf.o) (__sinit)
/usr/bin/../lib/gcc/arm-none-eabi/6.2.1/../../../../arm-none-eabi/lib/thumb/v7-m/libg.a(lib_a-freer.o)
                              /usr/bin/../lib/gcc/arm-none-eabi/6.2.1/../../../../arm-none-eabi/lib/thumb/v7-m/libg.a(lib_a-wsetup.o) (_free_r)
/usr/bin/../lib/gcc/arm-none-eabi/6.2.1/../../../../arm-none-eabi/lib/thumb/v7-m/libg.a(lib_a-fwalk.o)
                              /usr/bin/../lib/gcc/arm-none-eabi/6.2.1/../../../../arm-none-eabi/lib/thumb/v7-m/libg.a(lib_a-findfp.o) (_fwalk)
/usr/bin/../lib/gcc/arm-none-eabi/6.2.1/../../../../arm-none-eabi/lib/thumb/v7-m/libg.a(lib_a-impure.o)
                              /usr/bin/../lib/gcc/arm-none-eabi/6.2.1/../../../../arm-none-eabi/lib/thumb/v7-m/libg.a(lib_a-fflush.o) (_global_impure_ptr)
/usr/bin/../lib/gcc/arm-none-eabi/6.2.1/../../../../arm-none-eabi/lib/thumb/v7-m/libg.a(lib_a-localeconv.o)
                              /usr/bin/../lib/gcc/arm-none-eabi/6.2.1/../../../../arm-none-eabi/lib/thumb/v7-m/libg.a(lib_a-vfprintf.o) (_localeconv_r)
/usr/bin/../lib/gcc/arm-none-eabi/6.2.1/../../../../arm-none-eabi/lib/thumb/v7-m/libg.a(lib_a-makebuf.o)
                              /usr/bin/../lib/gcc/arm-none-eabi/6.2.1/../../../../arm-none-eabi/lib/thumb/v7-m/libg.a(lib_a-wsetup.o) (__smakebuf_r)
/usr/bin/../lib/gcc/arm-none-eabi/6.2.1/../../../../arm-none-eabi/lib/thumb/v7-m/libg.a(lib_a-mallocr.o)
                              /usr/bin/../lib/gcc/arm-none-eabi/6.2.1/../../../../arm-none-eabi/lib/thumb/v7-m/libg.a(lib_a-findfp.o) (_malloc_r)
/usr/bin/../lib/gcc/arm-none-eabi/6.2.1/../../../../arm-none-eabi/lib/thumb/v7-m/libg.a(lib_a-memchr-stub.o)
                              /usr/bin/../lib/gcc/arm-none-eabi/6.2.1/../../../../arm-none-eabi/lib/thumb/v7-m/libg.a(lib_a-vfprintf.o) (memchr)
/usr/bin/../lib/gcc/arm-none-eabi/6.2.1/../../../../arm-none-eabi/lib/thumb/v7-m/libg.a(lib_a-memcpy.o)
                              /usr/bin/../lib/gcc/arm-none-eabi/6.2.1/../../../../arm-none-eabi/lib/thumb/v7-m/libg.a(lib_a-dtoa.o) (memcpy)
/usr/bin/../lib/gcc/arm-none-eabi/6.2.1/../../../../arm-none-eabi/lib/thumb/v7-m/libg.a(lib_a-memset.o)
                              /usr/bin/../lib/gcc/arm-none-eabi/6.2.1/../../../../arm-none-eabi/lib/thumb/v7-m/libg.a(lib_a-findfp.o) (memset)
/usr/bin/../lib/gcc/arm-none-eabi/6.2.1/../../../../arm-none-eabi/lib/thumb/v7-m/libg.a(lib_a-mlock.o)
                              /usr/bin/../lib/gcc/arm-none-eabi/6.2.1/../../../../arm-none-eabi/lib/thumb/v7-m/libg.a(lib_a-freer.o) (__malloc_lock)
/usr/bin/../lib/gcc/arm-none-eabi/6.2.1/../../../../arm-none-eabi/lib/thumb/v7-m/libg.a(lib_a-mprec.o)
                              /usr/bin/../lib/gcc/arm-none-eabi/6.2.1/../../../../arm-none-eabi/lib/thumb/v7-m/libg.a(lib_a-dtoa.o) (_Balloc)
[...]
Memory Configuration

Name             Origin             Length             Attributes
flash            0x0000000008000000 0x0000000000010000 xr
ram              0x0000000020000000 0x0000000000005000 xrw
*default*        0x0000000000000000 0xffffffffffffffff

Linker script and memory map

LOAD ../Libraries/CMSIS/startup/gcc/startup_stm32f10x_md.o
LOAD ../Libraries/CMSIS/core_cm3.o
LOAD ../Libraries/CMSIS/system_stm32f10x.o
LOAD ../Libraries/FWLib/src/stm32f10x_dma.o
LOAD ../Libraries/FWLib/src/stm32f10x_dbgmcu.o
LOAD ../Libraries/FWLib/src/stm32f10x_dac.o
LOAD ../Libraries/FWLib/src/stm32f10x_can.o
LOAD ../Libraries/FWLib/src/stm32f10x_rtc.o
LOAD ../Libraries/FWLib/src/stm32f10x_pwr.o
LOAD ../Libraries/FWLib/src/stm32f10x_i2c.o
LOAD ../Libraries/FWLib/src/stm32f10x_sdio.o
LOAD ../Libraries/FWLib/src/stm32f10x_rcc.o
LOAD ../Libraries/FWLib/src/stm32f10x_flash.o
LOAD ../Libraries/FWLib/src/stm32f10x_crc.o
LOAD ../Libraries/FWLib/src/stm32f10x_usart.o
LOAD ../Libraries/FWLib/src/stm32f10x_tim.o
LOAD ../Libraries/FWLib/src/stm32f10x_wwdg.o
LOAD ../Libraries/FWLib/src/stm32f10x_cec.o
LOAD ../Libraries/FWLib/src/misc.o
LOAD ../Libraries/FWLib/src/stm32f10x_iwdg.o
LOAD ../Libraries/FWLib/src/stm32f10x_adc.o
LOAD ../Libraries/FWLib/src/stm32f10x_spi.o
LOAD ../Libraries/FWLib/src/stm32f10x_bkp.o
LOAD ../Libraries/FWLib/src/stm32f10x_exti.o
LOAD ../Libraries/FWLib/src/stm32f10x_fsmc.o
LOAD ../Libraries/FWLib/src/stm32f10x_gpio.o
LOAD ../Drivers/Driver_ADC/stm32f10x_driver_adc.o
LOAD ../Drivers/Driver_Delay/stm32f10x_driver_delay.o
LOAD ../Drivers/Driver_EEPROM/stm32f10x_driver_eeprom.o
LOAD ../Drivers/Driver_Flash/stm32f10x_driver_flash.o
LOAD ../Drivers/Driver_SPI/stm32f10x_driver_spi.o
LOAD ../Drivers/Driver_Timer/stm32f10x_driver_timer.o
LOAD ../Drivers/Driver_USART/stm32f10x_driver_usart.o
LOAD ../Modules/Module_CommLink/stm32f10x_module_comm_link.o
LOAD ../Modules/Module_Key/stm32f10x_module_key.o
LOAD ../Modules/Module_LED/stm32f10x_module_led.o
LOAD ../Modules/Module_NRF24L01/stm32f10x_module_nrf24l01.o
LOAD ../Modules/Module_System/stm32f10x_module_system.o
LOAD ../Algorithm/Algorithm_Control/stm32f10x_algorithm_control.o
LOAD ../User/stm32f10x_it.o
LOAD ../User/main.o
LOAD /usr/bin/../lib/gcc/arm-none-eabi/6.2.1/../../../../arm-none-eabi/lib/thumb/v7-m/libm.a
START GROUP
LOAD /usr/bin/../lib/gcc/arm-none-eabi/6.2.1/thumb/v7-m/libgcc.a
LOAD /usr/bin/../lib/gcc/arm-none-eabi/6.2.1/../../../../arm-none-eabi/lib/thumb/v7-m/libg.a
LOAD /usr/bin/../lib/gcc/arm-none-eabi/6.2.1/../../../../arm-none-eabi/lib/thumb/v7-m/libc.a
END GROUP
START GROUP
LOAD /usr/bin/../lib/gcc/arm-none-eabi/6.2.1/thumb/v7-m/libgcc.a
LOAD /usr/bin/../lib/gcc/arm-none-eabi/6.2.1/../../../../arm-none-eabi/lib/thumb/v7-m/libc.a
LOAD /usr/bin/../lib/gcc/arm-none-eabi/6.2.1/../../../../arm-none-eabi/lib/thumb/v7-m/librdimon.a
END GROUP
                0x0000000000000200                _heap_size = 0x200
                0x0000000000000400                _stack_size = 0x400
                0x0000000020005000                _estack = (ORIGIN (ram) + LENGTH (ram))

.isr_vector     0x0000000008000000      0x10c
                0x0000000008000000                __isr_vector_start__ = .
 *(.isr_vector)
 .isr_vector    0x0000000008000000      0x10c ../Libraries/CMSIS/startup/gcc/startup_stm32f10x_md.o
                0x0000000008000000                g_pfnVectors
                0x0000000000000001                ASSERT ((. != __isr_vector_start__), The .isr_vector section is empty)

.text           0x0000000008000110     0x7878
                0x0000000008000110                . = ALIGN (0x4)
                0x0000000008000110                _stext = .
 *(.text*)
 .text.Reset_Handler
                0x0000000008000110       0x44 ../Libraries/CMSIS/startup/gcc/startup_stm32f10x_md.o
                0x0000000008000110                Reset_Handler
 .text.Default_Handler
                0x0000000008000154        0x2 ../Libraries/CMSIS/startup/gcc/startup_stm32f10x_md.o
                0x0000000008000154                EXTI2_IRQHandler
                0x0000000008000154                TIM1_CC_IRQHandler
                0x0000000008000154                PVD_IRQHandler
                0x0000000008000154                EXTI0_IRQHandler
                0x0000000008000154                I2C2_EV_IRQHandler
                0x0000000008000154                ADC1_2_IRQHandler
                0x0000000008000154                SPI1_IRQHandler
                0x0000000008000154                TAMPER_IRQHandler
                0x0000000008000154                DMA1_Channel4_IRQHandler
                0x0000000008000154                USART3_IRQHandler
                0x0000000008000154                RTC_IRQHandler
                0x0000000008000154                DMA1_Channel7_IRQHandler
                0x0000000008000154                CAN1_RX1_IRQHandler
                0x0000000008000154                I2C1_EV_IRQHandler
                0x0000000008000154                DMA1_Channel6_IRQHandler
                0x0000000008000154                RCC_IRQHandler
                0x0000000008000154                TIM1_TRG_COM_IRQHandler
                0x0000000008000154                DMA1_Channel1_IRQHandler
                0x0000000008000154                Default_Handler
                0x0000000008000154                EXTI15_10_IRQHandler
                0x0000000008000154                SPI2_IRQHandler
                0x0000000008000154                DMA1_Channel5_IRQHandler
                0x0000000008000154                EXTI4_IRQHandler
                0x0000000008000154                USB_LP_CAN1_RX0_IRQHandler
                0x0000000008000154                USB_HP_CAN1_TX_IRQHandler
                0x0000000008000154                DMA1_Channel3_IRQHandler
                0x0000000008000154                TIM1_UP_IRQHandler
                0x0000000008000154                WWDG_IRQHandler
                0x0000000008000154                TIM2_IRQHandler
                0x0000000008000154                TIM1_BRK_IRQHandler
                0x0000000008000154                RTCAlarm_IRQHandler
                0x0000000008000154                USART2_IRQHandler
                0x0000000008000154                I2C2_ER_IRQHandler
                0x0000000008000154                DMA1_Channel2_IRQHandler
                0x0000000008000154                CAN1_SCE_IRQHandler
                0x0000000008000154                FLASH_IRQHandler
                0x0000000008000154                I2C1_ER_IRQHandler
                0x0000000008000154                USBWakeUp_IRQHandler
 *fill*         0x0000000008000156        0x2 
 .text.SystemInit
                0x0000000008000158       0xf0 ../Libraries/CMSIS/system_stm32f10x.o
                0x0000000008000158                SystemInit
 .text.RCC_GetClocksFreq
                0x0000000008000248       0x88 ../Libraries/FWLib/src/stm32f10x_rcc.o
                0x0000000008000248                RCC_GetClocksFreq
 .text.RCC_APB2PeriphClockCmd
                0x00000000080002d0       0x18 ../Libraries/FWLib/src/stm32f10x_rcc.o
                0x00000000080002d0                RCC_APB2PeriphClockCmd
 .text.RCC_APB1PeriphClockCmd
                0x00000000080002e8       0x18 ../Libraries/FWLib/src/stm32f10x_rcc.o
                0x00000000080002e8                RCC_APB1PeriphClockCmd
 .text.RCC_APB2PeriphResetCmd
                0x0000000008000300       0x18 ../Libraries/FWLib/src/stm32f10x_rcc.o
                0x0000000008000300                RCC_APB2PeriphResetCmd
 .text.RCC_APB1PeriphResetCmd
                0x0000000008000318       0x18 ../Libraries/FWLib/src/stm32f10x_rcc.o
                0x0000000008000318                RCC_APB1PeriphResetCmd
 .text.USART_ITConfig
                0x0000000008000330       0x30 ../Libraries/FWLib/src/stm32f10x_usart.o
                0x0000000008000330                USART_ITConfig
 .text.USART_SendData
                0x0000000008000360        0x8 ../Libraries/FWLib/src/stm32f10x_usart.o
                0x0000000008000360                USART_SendData
 .text.USART_ReceiveData
                0x0000000008000368        0x8 ../Libraries/FWLib/src/stm32f10x_usart.o
                0x0000000008000368                USART_ReceiveData
 .text.USART_GetITStatus
                0x0000000008000370       0x40 ../Libraries/FWLib/src/stm32f10x_usart.o
                0x0000000008000370                USART_GetITStatus
 .text.USART_ClearITPendingBit
                0x00000000080003b0        0xe ../Libraries/FWLib/src/stm32f10x_usart.o
                0x00000000080003b0                USART_ClearITPendingBit
 *fill*         0x00000000080003be        0x2 
 .text.TIM_DeInit
                0x00000000080003c0      0x1c8 ../Libraries/FWLib/src/stm32f10x_tim.o
                0x00000000080003c0                TIM_DeInit
 .text.TIM_TimeBaseInit
                0x0000000008000588       0x94 ../Libraries/FWLib/src/stm32f10x_tim.o
                0x0000000008000588                TIM_TimeBaseInit
 .text.TIM_Cmd  0x000000000800061c       0x18 ../Libraries/FWLib/src/stm32f10x_tim.o
                0x000000000800061c                TIM_Cmd
 .text.TIM_DMACmd
                0x0000000008000634       0x12 ../Libraries/FWLib/src/stm32f10x_tim.o
                0x0000000008000634                TIM_DMACmd
 .text.TIM_ITConfig
                0x0000000008000646        0x4 ../Libraries/FWLib/src/stm32f10x_tim.o
                0x0000000008000646                TIM_ITConfig
 .text.TIM_ClearFlag
                0x000000000800064a        0x8 ../Libraries/FWLib/src/stm32f10x_tim.o
                0x000000000800064a                TIM_ClearFlag
 .text.TIM_GetITStatus
                0x0000000008000652       0x16 ../Libraries/FWLib/src/stm32f10x_tim.o
                0x0000000008000652                TIM_GetITStatus
 .text.TIM_ClearITPendingBit
                0x0000000008000668        0x8 ../Libraries/FWLib/src/stm32f10x_tim.o
                0x0000000008000668                TIM_ClearITPendingBit
 .text.NVIC_PriorityGroupConfig
                0x0000000008000670       0x14 ../Libraries/FWLib/src/misc.o
                0x0000000008000670                NVIC_PriorityGroupConfig
 .text.NVIC_Init
                0x0000000008000684       0x5c ../Libraries/FWLib/src/misc.o
                0x0000000008000684                NVIC_Init
 .text.SPI_Init
                0x00000000080006e0       0x3e ../Libraries/FWLib/src/stm32f10x_spi.o
                0x00000000080006e0                SPI_Init
 .text.SPI_Cmd  0x000000000800071e       0x18 ../Libraries/FWLib/src/stm32f10x_spi.o
                0x000000000800071e                SPI_Cmd
 .text.SPI_I2S_SendData
                0x0000000008000736        0x4 ../Libraries/FWLib/src/stm32f10x_spi.o
                0x0000000008000736                SPI_I2S_SendData
 .text.SPI_I2S_ReceiveData
                0x000000000800073a        0x6 ../Libraries/FWLib/src/stm32f10x_spi.o
                0x000000000800073a                SPI_I2S_ReceiveData
 .text.SPI_I2S_GetFlagStatus
                0x0000000008000740        0xc ../Libraries/FWLib/src/stm32f10x_spi.o
                0x0000000008000740                SPI_I2S_GetFlagStatus
 .text.EXTI_Init
                0x000000000800074c       0x74 ../Libraries/FWLib/src/stm32f10x_exti.o
                0x000000000800074c                EXTI_Init
 .text.EXTI_GetITStatus
                0x00000000080007c0       0x1c ../Libraries/FWLib/src/stm32f10x_exti.o
                0x00000000080007c0                EXTI_GetITStatus
 .text.EXTI_ClearITPendingBit
                0x00000000080007dc        0xc ../Libraries/FWLib/src/stm32f10x_exti.o
                0x00000000080007dc                EXTI_ClearITPendingBit
 .text.GPIO_Init
                0x00000000080007e8       0xa4 ../Libraries/FWLib/src/stm32f10x_gpio.o
                0x00000000080007e8                GPIO_Init
 .text.GPIO_SetBits
                0x000000000800088c        0x4 ../Libraries/FWLib/src/stm32f10x_gpio.o
                0x000000000800088c                GPIO_SetBits
 .text.GPIO_ResetBits
                0x0000000008000890        0x4 ../Libraries/FWLib/src/stm32f10x_gpio.o
                0x0000000008000890                GPIO_ResetBits
 .text.GPIO_EXTILineConfig
                0x0000000008000894       0x2a ../Libraries/FWLib/src/stm32f10x_gpio.o
                0x0000000008000894                GPIO_EXTILineConfig
 *fill*         0x00000000080008be        0x2 
 .text.Adc_Init
                0x00000000080008c0      0x104 ../Drivers/Driver_ADC/stm32f10x_driver_adc.o
                0x00000000080008c0                Adc_Init
 .text.Get_Adc  0x00000000080009c4       0x28 ../Drivers/Driver_ADC/stm32f10x_driver_adc.o
                0x00000000080009c4                Get_Adc
 .text.Get_Adc_Average
                0x00000000080009ec       0x20 ../Drivers/Driver_ADC/stm32f10x_driver_adc.o
                0x00000000080009ec                Get_Adc_Average
 .text.delay_ms
                0x0000000008000a0c       0x1c ../Drivers/Driver_Delay/stm32f10x_driver_delay.o
                0x0000000008000a0c                delay_ms
 .text.delay_us
                0x0000000008000a28       0x16 ../Drivers/Driver_Delay/stm32f10x_driver_delay.o
                0x0000000008000a28                delay_us
 *fill*         0x0000000008000a3e        0x2 
 .text.TableReadEEPROM
                0x0000000008000a40       0x14 ../Drivers/Driver_EEPROM/stm32f10x_driver_eeprom.o
                0x0000000008000a40                TableReadEEPROM
 .text.TableWriteEEPROM
                0x0000000008000a54       0x14 ../Drivers/Driver_EEPROM/stm32f10x_driver_eeprom.o
                0x0000000008000a54                TableWriteEEPROM
 .text.TableToParam
                0x0000000008000a68       0x44 ../Drivers/Driver_EEPROM/stm32f10x_driver_eeprom.o
                0x0000000008000a68                TableToParam
 .text.ParamToTable
                0x0000000008000aac       0x4c ../Drivers/Driver_EEPROM/stm32f10x_driver_eeprom.o
                0x0000000008000aac                ParamToTable
 .text.SaveParamsToEEPROM
                0x0000000008000af8        0xe ../Drivers/Driver_EEPROM/stm32f10x_driver_eeprom.o
                0x0000000008000af8                SaveParamsToEEPROM
 *fill*         0x0000000008000b06        0x2 
 .text.ParamSetDefault
                0x0000000008000b08       0x38 ../Drivers/Driver_EEPROM/stm32f10x_driver_eeprom.o
                0x0000000008000b08                ParamSetDefault
 .text.LoadParamsFromEEPROM
                0x0000000008000b40       0x3c ../Drivers/Driver_EEPROM/stm32f10x_driver_eeprom.o
                0x0000000008000b40                LoadParamsFromEEPROM
 .text.STMFLASH_Unlock
                0x0000000008000b7c       0x18 ../Drivers/Driver_Flash/stm32f10x_driver_flash.o
                0x0000000008000b7c                STMFLASH_Unlock
 .text.STMFLASH_Lock
                0x0000000008000b94       0x10 ../Drivers/Driver_Flash/stm32f10x_driver_flash.o
                0x0000000008000b94                STMFLASH_Lock
 .text.STMFLASH_GetStatus
                0x0000000008000ba4       0x24 ../Drivers/Driver_Flash/stm32f10x_driver_flash.o
                0x0000000008000ba4                STMFLASH_GetStatus
 .text.STMFLASH_WaitDone
                0x0000000008000bc8       0x26 ../Drivers/Driver_Flash/stm32f10x_driver_flash.o
                0x0000000008000bc8                STMFLASH_WaitDone
 *fill*         0x0000000008000bee        0x2 
 .text.STMFLASH_ErasePage
                0x0000000008000bf0       0x3c ../Drivers/Driver_Flash/stm32f10x_driver_flash.o
                0x0000000008000bf0                STMFLASH_ErasePage
 .text.STMFLASH_WriteHalfWord
                0x0000000008000c2c       0x34 ../Drivers/Driver_Flash/stm32f10x_driver_flash.o
                0x0000000008000c2c                STMFLASH_WriteHalfWord
 .text.STMFLASH_Write_NoCheck
                0x0000000008000c60       0x1e ../Drivers/Driver_Flash/stm32f10x_driver_flash.o
                0x0000000008000c60                STMFLASH_Write_NoCheck
 .text.STMFLASH_Read
                0x0000000008000c7e       0x14 ../Drivers/Driver_Flash/stm32f10x_driver_flash.o
                0x0000000008000c7e                STMFLASH_Read
 *fill*         0x0000000008000c92        0x2 
 .text.STMFLASH_Write
                0x0000000008000c94       0xc8 ../Drivers/Driver_Flash/stm32f10x_driver_flash.o
                0x0000000008000c94                STMFLASH_Write
 .text.SPI1_INIT
                0x0000000008000d5c       0xc0 ../Drivers/Driver_SPI/stm32f10x_driver_spi.o
                0x0000000008000d5c                SPI1_INIT
 .text.SPI_RW   0x0000000008000e1c       0x38 ../Drivers/Driver_SPI/stm32f10x_driver_spi.o
                0x0000000008000e1c                SPI_RW
 .text.TIM4_IRQHandler
                0x0000000008000e54       0xa8 ../Drivers/Driver_Timer/stm32f10x_driver_timer.o
                0x0000000008000e54                TIM4_IRQHandler
 .text.TIM3_IRQHandler
                0x0000000008000efc       0x20 ../Drivers/Driver_Timer/stm32f10x_driver_timer.o
                0x0000000008000efc                TIM3_IRQHandler
 .text.TIM4_Init
                0x0000000008000f1c       0x54 ../Drivers/Driver_Timer/stm32f10x_driver_timer.o
                0x0000000008000f1c                TIM4_Init
 .text.TimerNVIC_Configuration
                0x0000000008000f70       0x44 ../Drivers/Driver_Timer/stm32f10x_driver_timer.o
                0x0000000008000f70                TimerNVIC_Configuration
 .text.UART1NVIC_Configuration
                0x0000000008000fb4       0x26 ../Drivers/Driver_USART/stm32f10x_driver_usart.o
                0x0000000008000fb4                UART1NVIC_Configuration
 *fill*         0x0000000008000fda        0x2 
 .text.UART1_init
                0x0000000008000fdc       0xe0 ../Drivers/Driver_USART/stm32f10x_driver_usart.o
                0x0000000008000fdc                UART1_init
 .text.UartBuf_RD
                0x00000000080010bc       0x16 ../Drivers/Driver_USART/stm32f10x_driver_usart.o
                0x00000000080010bc                UartBuf_RD
 .text.UartBuf_WD
                0x00000000080010d2       0x14 ../Drivers/Driver_USART/stm32f10x_driver_usart.o
                0x00000000080010d2                UartBuf_WD
 .text.UartBuf_Cnt
                0x00000000080010e6       0x10 ../Drivers/Driver_USART/stm32f10x_driver_usart.o
                0x00000000080010e6                UartBuf_Cnt
 *fill*         0x00000000080010f6        0x2 
 .text.USART1_IRQHandler
                0x00000000080010f8       0x74 ../Drivers/Driver_USART/stm32f10x_driver_usart.o
                0x00000000080010f8                USART1_IRQHandler
 .text.uart8chk
                0x000000000800116c       0x24 ../Modules/Module_CommLink/stm32f10x_module_comm_link.o
 .text.uart16chk
                0x0000000008001190       0x16 ../Modules/Module_CommLink/stm32f10x_module_comm_link.o
 *fill*         0x00000000080011a6        0x2 
 .text.CommUAVUpload
                0x00000000080011a8       0xc0 ../Modules/Module_CommLink/stm32f10x_module_comm_link.o
                0x00000000080011a8                CommUAVUpload
 .text.KeyInit  0x0000000008001268      0x120 ../Modules/Module_Key/stm32f10x_module_key.o
                0x0000000008001268                KeyInit
 .text.EXTI1_IRQHandler
                0x0000000008001388       0x24 ../Modules/Module_Key/stm32f10x_module_key.o
                0x0000000008001388                EXTI1_IRQHandler
 .text.EXTI3_IRQHandler
                0x00000000080013ac       0x20 ../Modules/Module_Key/stm32f10x_module_key.o
                0x00000000080013ac                EXTI3_IRQHandler
 .text.EXTI9_5_IRQHandler
                0x00000000080013cc       0x2c ../Modules/Module_Key/stm32f10x_module_key.o
                0x00000000080013cc                EXTI9_5_IRQHandler
 .text.LedSet   0x00000000080013f8       0x54 ../Modules/Module_LED/stm32f10x_module_led.o
                0x00000000080013f8                LedSet
 .text.LedInit  0x000000000800144c       0x90 ../Modules/Module_LED/stm32f10x_module_led.o
                0x000000000800144c                LedInit
 .text.NRF_Write_Reg
                0x00000000080014dc       0x30 ../Modules/Module_NRF24L01/stm32f10x_module_nrf24l01.o
                0x00000000080014dc                NRF_Write_Reg
 .text.NRF_Read_Reg
                0x000000000800150c       0x2c ../Modules/Module_NRF24L01/stm32f10x_module_nrf24l01.o
                0x000000000800150c                NRF_Read_Reg
 .text.NRF_Write_Buf
                0x0000000008001538       0x3c ../Modules/Module_NRF24L01/stm32f10x_module_nrf24l01.o
                0x0000000008001538                NRF_Write_Buf
 .text.NRF_Read_Buf
                0x0000000008001574       0x40 ../Modules/Module_NRF24L01/stm32f10x_module_nrf24l01.o
                0x0000000008001574                NRF_Read_Buf
 .text.SetTX_Mode
                0x00000000080015b4       0x74 ../Modules/Module_NRF24L01/stm32f10x_module_nrf24l01.o
                0x00000000080015b4                SetTX_Mode
 .text.NRF24L01_TxPacket
                0x0000000008001628       0x60 ../Modules/Module_NRF24L01/stm32f10x_module_nrf24l01.o
                0x0000000008001628                NRF24L01_TxPacket
 .text.NRF24L01_SetTxAddr
                0x0000000008001688       0x24 ../Modules/Module_NRF24L01/stm32f10x_module_nrf24l01.o
                0x0000000008001688                NRF24L01_SetTxAddr
 .text.NRF24L01_Check
                0x00000000080016ac       0x50 ../Modules/Module_NRF24L01/stm32f10x_module_nrf24l01.o
                0x00000000080016ac                NRF24L01_Check
 .text.NRF24L01_INIT
                0x00000000080016fc        0xe ../Modules/Module_NRF24L01/stm32f10x_module_nrf24l01.o
                0x00000000080016fc                NRF24L01_INIT
 .text.NVIC_INIT
                0x000000000800170a        0xe ../Modules/Module_System/stm32f10x_module_system.o
                0x000000000800170a                NVIC_INIT
 .text.SystemClock_HSI
                0x0000000008001718       0x54 ../Modules/Module_System/stm32f10x_module_system.o
                0x0000000008001718                SystemClock_HSI
 .text.LoadRCdata
                0x000000000800176c       0xe4 ../Algorithm/Algorithm_Control/stm32f10x_algorithm_control.o
                0x000000000800176c                LoadRCdata
 .text.controlClibra
                0x0000000008001850      0x17c ../Algorithm/Algorithm_Control/stm32f10x_algorithm_control.o
                0x0000000008001850                controlClibra
 .text.KeyLockcrazepony
                0x00000000080019cc       0x8c ../Algorithm/Algorithm_Control/stm32f10x_algorithm_control.o
                0x00000000080019cc                KeyLockcrazepony
 .text.IMUcalibrate
                0x0000000008001a58       0x20 ../Algorithm/Algorithm_Control/stm32f10x_algorithm_control.o
                0x0000000008001a58                IMUcalibrate
 .text.Remotecalibrate
                0x0000000008001a78       0x54 ../Algorithm/Algorithm_Control/stm32f10x_algorithm_control.o
                0x0000000008001a78                Remotecalibrate
 .text.NMI_Handler
                0x0000000008001acc        0x2 ../User/stm32f10x_it.o
                0x0000000008001acc                NMI_Handler
 .text.HardFault_Handler
                0x0000000008001ace        0x2 ../User/stm32f10x_it.o
                0x0000000008001ace                HardFault_Handler
 .text.MemManage_Handler
                0x0000000008001ad0        0x2 ../User/stm32f10x_it.o
                0x0000000008001ad0                MemManage_Handler
 .text.BusFault_Handler
                0x0000000008001ad2        0x2 ../User/stm32f10x_it.o
                0x0000000008001ad2                BusFault_Handler
 .text.UsageFault_Handler
                0x0000000008001ad4        0x2 ../User/stm32f10x_it.o
                0x0000000008001ad4                UsageFault_Handler
 .text.SVC_Handler
                0x0000000008001ad6        0x2 ../User/stm32f10x_it.o
                0x0000000008001ad6                SVC_Handler
 .text.DebugMon_Handler
                0x0000000008001ad8        0x2 ../User/stm32f10x_it.o
                0x0000000008001ad8                DebugMon_Handler
 .text.PendSV_Handler
                0x0000000008001ada        0x2 ../User/stm32f10x_it.o
                0x0000000008001ada                PendSV_Handler
 .text.cycleCounterInit
                0x0000000008001adc       0x24 ../User/stm32f10x_it.o
                0x0000000008001adc                cycleCounterInit
 .text.SysTick_Handler
                0x0000000008001b00       0x10 ../User/stm32f10x_it.o
                0x0000000008001b00                SysTick_Handler
 .text.micros   0x0000000008001b10       0x34 ../User/stm32f10x_it.o
                0x0000000008001b10                micros
 .text.startup.main
                0x0000000008001b44      0x100 ../User/main.o
                0x0000000008001b44                main
 .text          0x0000000008001c44      0x21c /usr/bin/../lib/gcc/arm-none-eabi/6.2.1/thumb/v7-m/libgcc.a(_arm_addsubsf3.o)
                0x0000000008001c44                __aeabi_frsub
                0x0000000008001c4c                __subsf3
                0x0000000008001c4c                __aeabi_fsub
                0x0000000008001c50                __aeabi_fadd
                0x0000000008001c50                __addsf3
                0x0000000008001db0                __aeabi_ui2f
                0x0000000008001db0                __floatunsisf
                0x0000000008001db8                __aeabi_i2f
                0x0000000008001db8                __floatsisf
                0x0000000008001dd4                __floatundisf
                0x0000000008001dd4                __aeabi_ul2f
                0x0000000008001de4                __floatdisf
                0x0000000008001de4                __aeabi_l2f
 .text          0x0000000008001e60      0x2a0 /usr/bin/../lib/gcc/arm-none-eabi/6.2.1/thumb/v7-m/libgcc.a(_arm_muldivsf3.o)
                0x0000000008001e60                __mulsf3
                0x0000000008001e60                __aeabi_fmul
                0x0000000008001fc8                __divsf3
                0x0000000008001fc8                __aeabi_fdiv
 .text          0x0000000008002100       0x40 /usr/bin/../lib/gcc/arm-none-eabi/6.2.1/thumb/v7-m/libgcc.a(_arm_fixunssfsi.o)
                0x0000000008002100                __aeabi_f2uiz
                0x0000000008002100                __fixunssfsi
 .text.printf   0x0000000008002140       0x28 /usr/bin/../lib/gcc/arm-none-eabi/6.2.1/../../../../arm-none-eabi/lib/thumb/v7-m/libg.a(lib_a-printf.o)
                0x0000000008002140                printf
 .text._vfprintf_r
                0x0000000008002168     0x154c /usr/bin/../lib/gcc/arm-none-eabi/6.2.1/../../../../arm-none-eabi/lib/thumb/v7-m/libg.a(lib_a-vfprintf.o)
                0x0000000008002168                _vfprintf_r
 .text.__sbprintf
                0x00000000080036b4       0x6c /usr/bin/../lib/gcc/arm-none-eabi/6.2.1/../../../../arm-none-eabi/lib/thumb/v7-m/libg.a(lib_a-vfprintf.o)
 .text.__swsetup_r
                0x0000000008003720       0xc8 /usr/bin/../lib/gcc/arm-none-eabi/6.2.1/../../../../arm-none-eabi/lib/thumb/v7-m/libg.a(lib_a-wsetup.o)
                0x0000000008003720                __swsetup_r
 .text.quorem   0x00000000080037e8      0x128 /usr/bin/../lib/gcc/arm-none-eabi/6.2.1/../../../../arm-none-eabi/lib/thumb/v7-m/libg.a(lib_a-dtoa.o)
 .text._dtoa_r  0x0000000008003910      0xe44 /usr/bin/../lib/gcc/arm-none-eabi/6.2.1/../../../../arm-none-eabi/lib/thumb/v7-m/libg.a(lib_a-dtoa.o)
                0x0000000008003910                _dtoa_r
 .text.__sflush_r
                0x0000000008004754      0x138 /usr/bin/../lib/gcc/arm-none-eabi/6.2.1/../../../../arm-none-eabi/lib/thumb/v7-m/libg.a(lib_a-fflush.o)
                0x0000000008004754                __sflush_r
 .text._fflush_r
                0x000000000800488c       0x2c /usr/bin/../lib/gcc/arm-none-eabi/6.2.1/../../../../arm-none-eabi/lib/thumb/v7-m/libg.a(lib_a-fflush.o)
                0x000000000800488c                _fflush_r
 .text._cleanup_r
                0x00000000080048b8        0xc /usr/bin/../lib/gcc/arm-none-eabi/6.2.1/../../../../arm-none-eabi/lib/thumb/v7-m/libg.a(lib_a-findfp.o)
                0x00000000080048b8                _cleanup_r
 .text.__sinit.part.1
                0x00000000080048c4       0xf0 /usr/bin/../lib/gcc/arm-none-eabi/6.2.1/../../../../arm-none-eabi/lib/thumb/v7-m/libg.a(lib_a-findfp.o)
 .text.__sinit  0x00000000080049b4        0xc /usr/bin/../lib/gcc/arm-none-eabi/6.2.1/../../../../arm-none-eabi/lib/thumb/v7-m/libg.a(lib_a-findfp.o)
                0x00000000080049b4                __sinit
 .text.__sfp_lock_acquire
                0x00000000080049c0        0x4 /usr/bin/../lib/gcc/arm-none-eabi/6.2.1/../../../../arm-none-eabi/lib/thumb/v7-m/libg.a(lib_a-findfp.o)
                0x00000000080049c0                __sfp_lock_acquire
 .text.__sfp_lock_release
                0x00000000080049c4        0x4 /usr/bin/../lib/gcc/arm-none-eabi/6.2.1/../../../../arm-none-eabi/lib/thumb/v7-m/libg.a(lib_a-findfp.o)
                0x00000000080049c4                __sfp_lock_release
 .text._malloc_trim_r
                0x00000000080049c8       0xa0 /usr/bin/../lib/gcc/arm-none-eabi/6.2.1/../../../../arm-none-eabi/lib/thumb/v7-m/libg.a(lib_a-freer.o)
                0x00000000080049c8                _malloc_trim_r
 .text._free_r  0x0000000008004a68      0x1cc /usr/bin/../lib/gcc/arm-none-eabi/6.2.1/../../../../arm-none-eabi/lib/thumb/v7-m/libg.a(lib_a-freer.o)
                0x0000000008004a68                _free_r
 .text._fwalk_reent
                0x0000000008004c34       0x50 /usr/bin/../lib/gcc/arm-none-eabi/6.2.1/../../../../arm-none-eabi/lib/thumb/v7-m/libg.a(lib_a-fwalk.o)
                0x0000000008004c34                _fwalk_reent
 .text._localeconv_r
                0x0000000008004c84       0x1c /usr/bin/../lib/gcc/arm-none-eabi/6.2.1/../../../../arm-none-eabi/lib/thumb/v7-m/libg.a(lib_a-localeconv.o)
                0x0000000008004c84                _localeconv_r
 .text.__swhatbuf_r
                0x0000000008004ca0       0x5c /usr/bin/../lib/gcc/arm-none-eabi/6.2.1/../../../../arm-none-eabi/lib/thumb/v7-m/libg.a(lib_a-makebuf.o)
                0x0000000008004ca0                __swhatbuf_r
 .text.__smakebuf_r
                0x0000000008004cfc       0x88 /usr/bin/../lib/gcc/arm-none-eabi/6.2.1/../../../../arm-none-eabi/lib/thumb/v7-m/libg.a(lib_a-makebuf.o)
                0x0000000008004cfc                __smakebuf_r
 .text._malloc_r
                0x0000000008004d84      0x544 /usr/bin/../lib/gcc/arm-none-eabi/6.2.1/../../../../arm-none-eabi/lib/thumb/v7-m/libg.a(lib_a-mallocr.o)
                0x0000000008004d84                _malloc_r
 .text.memchr   0x00000000080052c8       0x8c /usr/bin/../lib/gcc/arm-none-eabi/6.2.1/../../../../arm-none-eabi/lib/thumb/v7-m/libg.a(lib_a-memchr-stub.o)
                0x00000000080052c8                memchr
 .text          0x0000000008005354       0xec /usr/bin/../lib/gcc/arm-none-eabi/6.2.1/../../../../arm-none-eabi/lib/thumb/v7-m/libg.a(lib_a-memcpy.o)
                0x0000000008005354                memcpy
 .text.memset   0x0000000008005440       0x9c /usr/bin/../lib/gcc/arm-none-eabi/6.2.1/../../../../arm-none-eabi/lib/thumb/v7-m/libg.a(lib_a-memset.o)
                0x0000000008005440                memset
 .text.__malloc_lock
                0x00000000080054dc        0x4 /usr/bin/../lib/gcc/arm-none-eabi/6.2.1/../../../../arm-none-eabi/lib/thumb/v7-m/libg.a(lib_a-mlock.o)
                0x00000000080054dc                __malloc_lock
 .text.__malloc_unlock
                0x00000000080054e0        0x4 /usr/bin/../lib/gcc/arm-none-eabi/6.2.1/../../../../arm-none-eabi/lib/thumb/v7-m/libg.a(lib_a-mlock.o)
                0x00000000080054e0                __malloc_unlock
 .text._Balloc  0x00000000080054e4       0x4c /usr/bin/../lib/gcc/arm-none-eabi/6.2.1/../../../../arm-none-eabi/lib/thumb/v7-m/libg.a(lib_a-mprec.o)
                0x00000000080054e4                _Balloc
 .text._Bfree   0x0000000008005530       0x14 /usr/bin/../lib/gcc/arm-none-eabi/6.2.1/../../../../arm-none-eabi/lib/thumb/v7-m/libg.a(lib_a-mprec.o)
                0x0000000008005530                _Bfree
 .text.__multadd
                0x0000000008005544       0x84 /usr/bin/../lib/gcc/arm-none-eabi/6.2.1/../../../../arm-none-eabi/lib/thumb/v7-m/libg.a(lib_a-mprec.o)
                0x0000000008005544                __multadd
 .text.__hi0bits
                0x00000000080055c8       0x40 /usr/bin/../lib/gcc/arm-none-eabi/6.2.1/../../../../arm-none-eabi/lib/thumb/v7-m/libg.a(lib_a-mprec.o)
                0x00000000080055c8                __hi0bits
 .text.__lo0bits
                0x0000000008005608       0x60 /usr/bin/../lib/gcc/arm-none-eabi/6.2.1/../../../../arm-none-eabi/lib/thumb/v7-m/libg.a(lib_a-mprec.o)
                0x0000000008005608                __lo0bits
 .text.__i2b    0x0000000008005668       0x14 /usr/bin/../lib/gcc/arm-none-eabi/6.2.1/../../../../arm-none-eabi/lib/thumb/v7-m/libg.a(lib_a-mprec.o)
                0x0000000008005668                __i2b
 .text.__multiply
                0x000000000800567c      0x124 /usr/bin/../lib/gcc/arm-none-eabi/6.2.1/../../../../arm-none-eabi/lib/thumb/v7-m/libg.a(lib_a-mprec.o)
                0x000000000800567c                __multiply
 .text.__pow5mult
                0x00000000080057a0       0xa0 /usr/bin/../lib/gcc/arm-none-eabi/6.2.1/../../../../arm-none-eabi/lib/thumb/v7-m/libg.a(lib_a-mprec.o)
                0x00000000080057a0                __pow5mult
 .text.__lshift
                0x0000000008005840       0xa0 /usr/bin/../lib/gcc/arm-none-eabi/6.2.1/../../../../arm-none-eabi/lib/thumb/v7-m/libg.a(lib_a-mprec.o)
                0x0000000008005840                __lshift
 .text.__mcmp   0x00000000080058e0       0x38 /usr/bin/../lib/gcc/arm-none-eabi/6.2.1/../../../../arm-none-eabi/lib/thumb/v7-m/libg.a(lib_a-mprec.o)
                0x00000000080058e0                __mcmp
 .text.__mdiff  0x0000000008005918      0x11c /usr/bin/../lib/gcc/arm-none-eabi/6.2.1/../../../../arm-none-eabi/lib/thumb/v7-m/libg.a(lib_a-mprec.o)
                0x0000000008005918                __mdiff
 .text.__d2b    0x0000000008005a34       0xa8 /usr/bin/../lib/gcc/arm-none-eabi/6.2.1/../../../../arm-none-eabi/lib/thumb/v7-m/libg.a(lib_a-mprec.o)
                0x0000000008005a34                __d2b
 .text._sbrk_r  0x0000000008005adc       0x24 /usr/bin/../lib/gcc/arm-none-eabi/6.2.1/../../../../arm-none-eabi/lib/thumb/v7-m/libg.a(lib_a-sbrkr.o)
                0x0000000008005adc                _sbrk_r
 .text.__sread  0x0000000008005b00       0x24 /usr/bin/../lib/gcc/arm-none-eabi/6.2.1/../../../../arm-none-eabi/lib/thumb/v7-m/libg.a(lib_a-stdio.o)
                0x0000000008005b00                __sread
 .text.__swrite
                0x0000000008005b24       0x3c /usr/bin/../lib/gcc/arm-none-eabi/6.2.1/../../../../arm-none-eabi/lib/thumb/v7-m/libg.a(lib_a-stdio.o)
                0x0000000008005b24                __swrite
 .text.__sseek  0x0000000008005b60       0x20 /usr/bin/../lib/gcc/arm-none-eabi/6.2.1/../../../../arm-none-eabi/lib/thumb/v7-m/libg.a(lib_a-stdio.o)
                0x0000000008005b60                __sseek
 .text.__sclose
                0x0000000008005b80        0x8 /usr/bin/../lib/gcc/arm-none-eabi/6.2.1/../../../../arm-none-eabi/lib/thumb/v7-m/libg.a(lib_a-stdio.o)
                0x0000000008005b80                __sclose
 .text.strlen   0x0000000008005b88       0x5c /usr/bin/../lib/gcc/arm-none-eabi/6.2.1/../../../../arm-none-eabi/lib/thumb/v7-m/libg.a(lib_a-strlen-stub.o)
                0x0000000008005b88                strlen
 .text.__sprint_r.part.0
                0x0000000008005be4       0x80 /usr/bin/../lib/gcc/arm-none-eabi/6.2.1/../../../../arm-none-eabi/lib/thumb/v7-m/libg.a(lib_a-vfiprintf.o)
 .text.__sprint_r
                0x0000000008005c64       0x14 /usr/bin/../lib/gcc/arm-none-eabi/6.2.1/../../../../arm-none-eabi/lib/thumb/v7-m/libg.a(lib_a-vfiprintf.o)
                0x0000000008005c64                __sprint_r
 .text._write_r
                0x0000000008005c78       0x2c /usr/bin/../lib/gcc/arm-none-eabi/6.2.1/../../../../arm-none-eabi/lib/thumb/v7-m/libg.a(lib_a-writer.o)
                0x0000000008005c78                _write_r
 .text._calloc_r
                0x0000000008005ca4       0x60 /usr/bin/../lib/gcc/arm-none-eabi/6.2.1/../../../../arm-none-eabi/lib/thumb/v7-m/libg.a(lib_a-callocr.o)
                0x0000000008005ca4                _calloc_r
 .text._close_r
                0x0000000008005d04       0x24 /usr/bin/../lib/gcc/arm-none-eabi/6.2.1/../../../../arm-none-eabi/lib/thumb/v7-m/libg.a(lib_a-closer.o)
                0x0000000008005d04                _close_r
 .text._fclose_r
                0x0000000008005d28       0x80 /usr/bin/../lib/gcc/arm-none-eabi/6.2.1/../../../../arm-none-eabi/lib/thumb/v7-m/libg.a(lib_a-fclose.o)
                0x0000000008005d28                _fclose_r
 .text.__fputwc
                0x0000000008005da8       0x98 /usr/bin/../lib/gcc/arm-none-eabi/6.2.1/../../../../arm-none-eabi/lib/thumb/v7-m/libg.a(lib_a-fputwc.o)
                0x0000000008005da8                __fputwc
 .text._fputwc_r
                0x0000000008005e40       0x24 /usr/bin/../lib/gcc/arm-none-eabi/6.2.1/../../../../arm-none-eabi/lib/thumb/v7-m/libg.a(lib_a-fputwc.o)
                0x0000000008005e40                _fputwc_r
 .text._fstat_r
                0x0000000008005e64       0x28 /usr/bin/../lib/gcc/arm-none-eabi/6.2.1/../../../../arm-none-eabi/lib/thumb/v7-m/libg.a(lib_a-fstatr.o)
                0x0000000008005e64                _fstat_r
 .text.__sfvwrite_r
                0x0000000008005e8c      0x2f4 /usr/bin/../lib/gcc/arm-none-eabi/6.2.1/../../../../arm-none-eabi/lib/thumb/v7-m/libg.a(lib_a-fvwrite.o)
                0x0000000008005e8c                __sfvwrite_r
 .text._isatty_r
                0x0000000008006180       0x24 /usr/bin/../lib/gcc/arm-none-eabi/6.2.1/../../../../arm-none-eabi/lib/thumb/v7-m/libg.a(lib_a-isattyr.o)
                0x0000000008006180                _isatty_r
 .text.__locale_mb_cur_max
                0x00000000080061a4       0x1c /usr/bin/../lib/gcc/arm-none-eabi/6.2.1/../../../../arm-none-eabi/lib/thumb/v7-m/libg.a(lib_a-locale.o)
                0x00000000080061a4                __locale_mb_cur_max
 .text._lseek_r
                0x00000000080061c0       0x2c /usr/bin/../lib/gcc/arm-none-eabi/6.2.1/../../../../arm-none-eabi/lib/thumb/v7-m/libg.a(lib_a-lseekr.o)
                0x00000000080061c0                _lseek_r
 .text.__ascii_mbtowc
                0x00000000080061ec       0x2c /usr/bin/../lib/gcc/arm-none-eabi/6.2.1/../../../../arm-none-eabi/lib/thumb/v7-m/libg.a(lib_a-mbtowc_r.o)
                0x00000000080061ec                __ascii_mbtowc
 .text.memmove  0x0000000008006218       0xc8 /usr/bin/../lib/gcc/arm-none-eabi/6.2.1/../../../../arm-none-eabi/lib/thumb/v7-m/libg.a(lib_a-memmove.o)
                0x0000000008006218                memmove
 .text._read_r  0x00000000080062e0       0x2c /usr/bin/../lib/gcc/arm-none-eabi/6.2.1/../../../../arm-none-eabi/lib/thumb/v7-m/libg.a(lib_a-readr.o)
                0x00000000080062e0                _read_r
 .text._realloc_r
                0x000000000800630c      0x36c /usr/bin/../lib/gcc/arm-none-eabi/6.2.1/../../../../arm-none-eabi/lib/thumb/v7-m/libg.a(lib_a-reallocr.o)
                0x000000000800630c                _realloc_r
 .text.__swbuf_r
                0x0000000008006678       0xb0 /usr/bin/../lib/gcc/arm-none-eabi/6.2.1/../../../../arm-none-eabi/lib/thumb/v7-m/libg.a(lib_a-wbuf.o)
                0x0000000008006678                __swbuf_r
 .text._wcrtomb_r
                0x0000000008006728       0x54 /usr/bin/../lib/gcc/arm-none-eabi/6.2.1/../../../../arm-none-eabi/lib/thumb/v7-m/libg.a(lib_a-wcrtomb.o)
                0x0000000008006728                _wcrtomb_r
 .text.__ascii_wctomb
                0x000000000800677c       0x18 /usr/bin/../lib/gcc/arm-none-eabi/6.2.1/../../../../arm-none-eabi/lib/thumb/v7-m/libg.a(lib_a-wctomb_r.o)
                0x000000000800677c                __ascii_wctomb
 .text          0x0000000008006794      0x370 /usr/bin/../lib/gcc/arm-none-eabi/6.2.1/thumb/v7-m/libgcc.a(_arm_addsubdf3.o)
                0x0000000008006794                __aeabi_drsub
                0x000000000800679c                __aeabi_dsub
                0x000000000800679c                __subdf3
                0x00000000080067a0                __adddf3
                0x00000000080067a0                __aeabi_dadd
                0x0000000008006a18                __aeabi_ui2d
                0x0000000008006a18                __floatunsidf
                0x0000000008006a38                __floatsidf
                0x0000000008006a38                __aeabi_i2d
                0x0000000008006a5c                __extendsfdf2
                0x0000000008006a5c                __aeabi_f2d
                0x0000000008006a98                __aeabi_ul2d
                0x0000000008006a98                __floatundidf
                0x0000000008006aa8                __floatdidf
                0x0000000008006aa8                __aeabi_l2d
 .text          0x0000000008006b04      0x424 /usr/bin/../lib/gcc/arm-none-eabi/6.2.1/thumb/v7-m/libgcc.a(_arm_muldivdf3.o)
                0x0000000008006b04                __aeabi_dmul
                0x0000000008006b04                __muldf3
                0x0000000008006d58                __aeabi_ddiv
                0x0000000008006d58                __divdf3
 .text          0x0000000008006f28      0x110 /usr/bin/../lib/gcc/arm-none-eabi/6.2.1/thumb/v7-m/libgcc.a(_arm_cmpdf2.o)
                0x0000000008006f28                __gtdf2
                0x0000000008006f28                __gedf2
                0x0000000008006f30                __ltdf2
                0x0000000008006f30                __ledf2
                0x0000000008006f38                __cmpdf2
                0x0000000008006f38                __eqdf2
                0x0000000008006f38                __nedf2
                0x0000000008006fb4                __aeabi_cdrcmple
                0x0000000008006fc4                __aeabi_cdcmple
                0x0000000008006fc4                __aeabi_cdcmpeq
                0x0000000008006fd4                __aeabi_dcmpeq
                0x0000000008006fe8                __aeabi_dcmplt
                0x0000000008006ffc                __aeabi_dcmple
                0x0000000008007010                __aeabi_dcmpge
                0x0000000008007024                __aeabi_dcmpgt
 .text          0x0000000008007038       0x2c /usr/bin/../lib/gcc/arm-none-eabi/6.2.1/thumb/v7-m/libgcc.a(_arm_unorddf2.o)
                0x0000000008007038                __aeabi_dcmpun
                0x0000000008007038                __unorddf2
 .text          0x0000000008007064       0x50 /usr/bin/../lib/gcc/arm-none-eabi/6.2.1/thumb/v7-m/libgcc.a(_arm_fixdfsi.o)
                0x0000000008007064                __fixdfsi
                0x0000000008007064                __aeabi_d2iz
 .text          0x00000000080070b4       0x30 /usr/bin/../lib/gcc/arm-none-eabi/6.2.1/thumb/v7-m/libgcc.a(_aeabi_uldivmod.o)
                0x00000000080070b4                __aeabi_uldivmod
 .text          0x00000000080070e4      0x2dc /usr/bin/../lib/gcc/arm-none-eabi/6.2.1/thumb/v7-m/libgcc.a(_udivmoddi4.o)
                0x00000000080070e4                __udivmoddi4
 .text          0x00000000080073c0        0x4 /usr/bin/../lib/gcc/arm-none-eabi/6.2.1/thumb/v7-m/libgcc.a(_dvmd_tls.o)
                0x00000000080073c0                __aeabi_ldiv0
                0x00000000080073c0                __aeabi_idiv0
 .text.findslot
                0x00000000080073c4       0x38 /usr/bin/../lib/gcc/arm-none-eabi/6.2.1/../../../../arm-none-eabi/lib/thumb/v7-m/librdimon.a(rdimon-syscalls.o)
 .text.checkerror.part.0
                0x00000000080073fc       0x1c /usr/bin/../lib/gcc/arm-none-eabi/6.2.1/../../../../arm-none-eabi/lib/thumb/v7-m/librdimon.a(rdimon-syscalls.o)
 .text._read    0x0000000008007418       0x54 /usr/bin/../lib/gcc/arm-none-eabi/6.2.1/../../../../arm-none-eabi/lib/thumb/v7-m/librdimon.a(rdimon-syscalls.o)
                0x0000000008007418                _read
 .text._swilseek
                0x000000000800746c       0xa0 /usr/bin/../lib/gcc/arm-none-eabi/6.2.1/../../../../arm-none-eabi/lib/thumb/v7-m/librdimon.a(rdimon-syscalls.o)
                0x000000000800746c                _swilseek
 .text._lseek   0x000000000800750c        0x4 /usr/bin/../lib/gcc/arm-none-eabi/6.2.1/../../../../arm-none-eabi/lib/thumb/v7-m/librdimon.a(rdimon-syscalls.o)
                0x000000000800750c                _lseek
 .text._write   0x0000000008007510       0x78 /usr/bin/../lib/gcc/arm-none-eabi/6.2.1/../../../../arm-none-eabi/lib/thumb/v7-m/librdimon.a(rdimon-syscalls.o)
                0x0000000008007510                _write
 .text._close   0x0000000008007588       0x68 /usr/bin/../lib/gcc/arm-none-eabi/6.2.1/../../../../arm-none-eabi/lib/thumb/v7-m/librdimon.a(rdimon-syscalls.o)
                0x0000000008007588                _close
 .text._sbrk    0x00000000080075f0       0x4c /usr/bin/../lib/gcc/arm-none-eabi/6.2.1/../../../../arm-none-eabi/lib/thumb/v7-m/librdimon.a(rdimon-syscalls.o)
                0x00000000080075f0                _sbrk
 .text._swistat
                0x000000000800763c       0x4c /usr/bin/../lib/gcc/arm-none-eabi/6.2.1/../../../../arm-none-eabi/lib/thumb/v7-m/librdimon.a(rdimon-syscalls.o)
                0x000000000800763c                _swistat
 .text._fstat   0x0000000008007688       0x1c /usr/bin/../lib/gcc/arm-none-eabi/6.2.1/../../../../arm-none-eabi/lib/thumb/v7-m/librdimon.a(rdimon-syscalls.o)
                0x0000000008007688                _fstat
 .text._isatty  0x00000000080076a4       0x3c /usr/bin/../lib/gcc/arm-none-eabi/6.2.1/../../../../arm-none-eabi/lib/thumb/v7-m/librdimon.a(rdimon-syscalls.o)
                0x00000000080076a4                _isatty
 .text.__errno  0x00000000080076e0        0xc /usr/bin/../lib/gcc/arm-none-eabi/6.2.1/../../../../arm-none-eabi/lib/thumb/v7-m/libc.a(lib_a-errno.o)
                0x00000000080076e0                __errno
 *(.rodata*)
 .rodata        0x00000000080076ec        0x5 ../Modules/Module_NRF24L01/stm32f10x_module_nrf24l01.o
 .rodata.NRF24L01_SetTxAddr.str1.1
                0x00000000080076f1        0xf ../Modules/Module_NRF24L01/stm32f10x_module_nrf24l01.o
 .rodata._vfprintf_r.str1.4
                0x0000000008007700       0x42 /usr/bin/../lib/gcc/arm-none-eabi/6.2.1/../../../../arm-none-eabi/lib/thumb/v7-m/libg.a(lib_a-vfprintf.o)
 *fill*         0x0000000008007742        0x2 
 .rodata.blanks.7223
                0x0000000008007744       0x10 /usr/bin/../lib/gcc/arm-none-eabi/6.2.1/../../../../arm-none-eabi/lib/thumb/v7-m/libg.a(lib_a-vfprintf.o)
 .rodata.zeroes.7224
                0x0000000008007754       0x10 /usr/bin/../lib/gcc/arm-none-eabi/6.2.1/../../../../arm-none-eabi/lib/thumb/v7-m/libg.a(lib_a-vfprintf.o)
 .rodata._dtoa_r.str1.4
                0x0000000008007764       0x10 /usr/bin/../lib/gcc/arm-none-eabi/6.2.1/../../../../arm-none-eabi/lib/thumb/v7-m/libg.a(lib_a-dtoa.o)
                                         0x12 (size before relaxing)
 *fill*         0x0000000008007774        0x4 
 .rodata.__mprec_bigtens
                0x0000000008007778       0x28 /usr/bin/../lib/gcc/arm-none-eabi/6.2.1/../../../../arm-none-eabi/lib/thumb/v7-m/libg.a(lib_a-mprec.o)
                0x0000000008007778                __mprec_bigtens
 .rodata.__mprec_tens
                0x00000000080077a0       0xc8 /usr/bin/../lib/gcc/arm-none-eabi/6.2.1/../../../../arm-none-eabi/lib/thumb/v7-m/libg.a(lib_a-mprec.o)
                0x00000000080077a0                __mprec_tens
 .rodata.p05.6040
                0x0000000008007868        0xc /usr/bin/../lib/gcc/arm-none-eabi/6.2.1/../../../../arm-none-eabi/lib/thumb/v7-m/libg.a(lib_a-mprec.o)
 .rodata._setlocale_r.str1.4
                0x0000000008007874        0xa /usr/bin/../lib/gcc/arm-none-eabi/6.2.1/../../../../arm-none-eabi/lib/thumb/v7-m/libg.a(lib_a-locale.o)
                                          0xd (size before relaxing)
 *fill*         0x000000000800787e        0x2 
 .rodata.str1.4
                0x0000000008007880        0x4 /usr/bin/../lib/gcc/arm-none-eabi/6.2.1/../../../../arm-none-eabi/lib/thumb/v7-m/libg.a(lib_a-locale.o)
                                          0x2 (size before relaxing)
 .rodata._ctype_
                0x0000000008007884      0x101 /usr/bin/../lib/gcc/arm-none-eabi/6.2.1/../../../../arm-none-eabi/lib/thumb/v7-m/libg.a(lib_a-ctype_.o)
                0x0000000008007884                _ctype_
 *(.init)
 *(.fini)
                0x0000000008007988                . = ALIGN (0x4)
 *fill*         0x0000000008007985        0x3 
                0x0000000008007988                _etext = .

.glue_7         0x0000000008007988        0x0
 .glue_7        0x0000000008007988        0x0 linker stubs

.glue_7t        0x0000000008007988        0x0
 .glue_7t       0x0000000008007988        0x0 linker stubs

.vfp11_veneer   0x0000000008007988        0x0
 .vfp11_veneer  0x0000000008007988        0x0 linker stubs

.v4_bx          0x0000000008007988        0x0
 .v4_bx         0x0000000008007988        0x0 linker stubs

.iplt           0x0000000008007988        0x0
 .iplt          0x0000000008007988        0x0 ../Libraries/CMSIS/startup/gcc/startup_stm32f10x_md.o

.ARM.extab
 *(.ARM.extab*)

.ARM.exidx      0x0000000008007988        0x8
 *(.ARM.exidx*)
 .ARM.exidx     0x0000000008007988        0x8 /usr/bin/../lib/gcc/arm-none-eabi/6.2.1/thumb/v7-m/libgcc.a(_udivmoddi4.o)

.rel.dyn        0x0000000008007990        0x0
 .rel.iplt      0x0000000008007990        0x0 ../Libraries/CMSIS/startup/gcc/startup_stm32f10x_md.o

.preinit_array  0x0000000008007990        0x0
                [!provide]                        PROVIDE (__preinit_array_start, .)
 *(.preinit_array*)
                [!provide]                        PROVIDE (__preinit_array_end, .)

.init_array     0x0000000008007990        0x0
                [!provide]                        PROVIDE (__init_array_start, .)
 *(SORT(.init_array.*))
 *(.init_array*)
                [!provide]                        PROVIDE (__init_array_end, .)

.fini_array     0x0000000008007990        0x0
                [!provide]                        PROVIDE (__fini_array_start, .)
 *(SORT(.fini_array.*))
 *(.fini_array*)
                [!provide]                        PROVIDE (__fini_array_end, .)
                0x0000000008007990                _sidata = .

.data           0x0000000020000000      0x9d8 load address 0x0000000008007990
                0x0000000020000000                . = ALIGN (0x4)
                0x0000000020000000                _sdata = .
 *(.data*)
 .data.SystemCoreClock
                0x0000000020000000        0x4 ../Libraries/CMSIS/system_stm32f10x.o
                0x0000000020000000                SystemCoreClock
 .data.ADCPrescTable
                0x0000000020000004        0x4 ../Libraries/FWLib/src/stm32f10x_rcc.o
 .data.APBAHBPrescTable
                0x0000000020000008       0x10 ../Libraries/FWLib/src/stm32f10x_rcc.o
 .data.RX_ADDRESS
                0x0000000020000018        0x5 ../Modules/Module_NRF24L01/stm32f10x_module_nrf24l01.o
                0x0000000020000018                RX_ADDRESS
 .data.TX_ADDRESS
                0x000000002000001d        0x5 ../Modules/Module_NRF24L01/stm32f10x_module_nrf24l01.o
                0x000000002000001d                TX_ADDRESS
 .data.Locksta  0x0000000020000022        0x1 ../Algorithm/Algorithm_Control/stm32f10x_algorithm_control.o
 .data.cnt      0x0000000020000023        0x1 ../Algorithm/Algorithm_Control/stm32f10x_algorithm_control.o
 .data.lednum.6277
                0x0000000020000024        0x1 ../Algorithm/Algorithm_Control/stm32f10x_algorithm_control.o
 *fill*         0x0000000020000025        0x3 
 .data._impure_ptr
                0x0000000020000028        0x4 /usr/bin/../lib/gcc/arm-none-eabi/6.2.1/../../../../arm-none-eabi/lib/thumb/v7-m/libg.a(lib_a-impure.o)
                0x0000000020000028                _impure_ptr
 *fill*         0x000000002000002c        0x4 
 .data.impure_data
                0x0000000020000030      0x428 /usr/bin/../lib/gcc/arm-none-eabi/6.2.1/../../../../arm-none-eabi/lib/thumb/v7-m/libg.a(lib_a-impure.o)
 .data.__malloc_av_
                0x0000000020000458      0x408 /usr/bin/../lib/gcc/arm-none-eabi/6.2.1/../../../../arm-none-eabi/lib/thumb/v7-m/libg.a(lib_a-mallocr.o)
                0x0000000020000458                __malloc_av_
 .data.__malloc_sbrk_base
                0x0000000020000860        0x4 /usr/bin/../lib/gcc/arm-none-eabi/6.2.1/../../../../arm-none-eabi/lib/thumb/v7-m/libg.a(lib_a-mallocr.o)
                0x0000000020000860                __malloc_sbrk_base
 .data.__malloc_trim_threshold
                0x0000000020000864        0x4 /usr/bin/../lib/gcc/arm-none-eabi/6.2.1/../../../../arm-none-eabi/lib/thumb/v7-m/libg.a(lib_a-mallocr.o)
                0x0000000020000864                __malloc_trim_threshold
 .data.__global_locale
                0x0000000020000868      0x16c /usr/bin/../lib/gcc/arm-none-eabi/6.2.1/../../../../arm-none-eabi/lib/thumb/v7-m/libg.a(lib_a-locale.o)
                0x0000000020000868                __global_locale
 .data.__heap_limit
                0x00000000200009d4        0x4 /usr/bin/../lib/gcc/arm-none-eabi/6.2.1/../../../../arm-none-eabi/lib/thumb/v7-m/librdimon.a(rdimon-syscalls.o)
                0x00000000200009d4                __heap_limit
                0x00000000200009d8                . = ALIGN (0x4)
                0x00000000200009d8                _edata = .

.igot.plt       0x00000000200009d8        0x0 load address 0x0000000008008368
 .igot.plt      0x00000000200009d8        0x0 ../Libraries/CMSIS/startup/gcc/startup_stm32f10x_md.o

.bss            0x00000000200009d8      0x668 load address 0x0000000008008368
                0x00000000200009d8                . = ALIGN (0x4)
                0x00000000200009d8                _sbss = .
 *(.bss*)
 .bss.table     0x00000000200009d8        0xe ../Drivers/Driver_EEPROM/stm32f10x_driver_eeprom.o
                0x00000000200009d8                table
 .bss.STMFLASH_BUF
                0x00000000200009e6      0x400 ../Drivers/Driver_Flash/stm32f10x_driver_flash.o
                0x00000000200009e6                STMFLASH_BUF
 .bss.flag100Hz
                0x0000000020000de6        0x2 ../Drivers/Driver_Timer/stm32f10x_driver_timer.o
                0x0000000020000de6                flag100Hz
 .bss.flag100Hzcnt
                0x0000000020000de8        0x2 ../Drivers/Driver_Timer/stm32f10x_driver_timer.o
                0x0000000020000de8                flag100Hzcnt
 .bss.flag10Hz  0x0000000020000dea        0x2 ../Drivers/Driver_Timer/stm32f10x_driver_timer.o
                0x0000000020000dea                flag10Hz
 .bss.flag10Hzcnt
                0x0000000020000dec        0x2 ../Drivers/Driver_Timer/stm32f10x_driver_timer.o
                0x0000000020000dec                flag10Hzcnt
 .bss.flag50Hz  0x0000000020000dee        0x2 ../Drivers/Driver_Timer/stm32f10x_driver_timer.o
                0x0000000020000dee                flag50Hz
 .bss.flag50Hzcnt
                0x0000000020000df0        0x2 ../Drivers/Driver_Timer/stm32f10x_driver_timer.o
                0x0000000020000df0                flag50Hzcnt
 .bss.flag80Hz  0x0000000020000df2        0x2 ../Drivers/Driver_Timer/stm32f10x_driver_timer.o
                0x0000000020000df2                flag80Hz
 .bss.flag80Hzcnt
                0x0000000020000df4        0x2 ../Drivers/Driver_Timer/stm32f10x_driver_timer.o
                0x0000000020000df4                flag80Hzcnt
 *fill*         0x0000000020000df6        0x2 
 .bss.UartRxbuf
                0x0000000020000df8        0xc ../Drivers/Driver_USART/stm32f10x_driver_usart.o
                0x0000000020000df8                UartRxbuf
 .bss.UartTxbuf
                0x0000000020000e04        0xc ../Drivers/Driver_USART/stm32f10x_driver_usart.o
                0x0000000020000e04                UartTxbuf
 .bss.Udatatmp  0x0000000020000e10        0x1 ../Drivers/Driver_USART/stm32f10x_driver_usart.o
                0x0000000020000e10                Udatatmp
 .bss.rx_buffer
                0x0000000020000e11       0x80 ../Drivers/Driver_USART/stm32f10x_driver_usart.o
                0x0000000020000e11                rx_buffer
 .bss.tx_buffer
                0x0000000020000e91       0x80 ../Drivers/Driver_USART/stm32f10x_driver_usart.o
                0x0000000020000e91                tx_buffer
 .bss.checksum  0x0000000020000f11        0x1 ../Modules/Module_CommLink/stm32f10x_module_comm_link.o
                0x0000000020000f11                checksum
 .bss.sendBuf   0x0000000020000f12       0x20 ../Modules/Module_CommLink/stm32f10x_module_comm_link.o
                0x0000000020000f12                sendBuf
 .bss.sendCnt   0x0000000020000f32        0x1 ../Modules/Module_CommLink/stm32f10x_module_comm_link.o
                0x0000000020000f32                sendCnt
 .bss.i.6189    0x0000000020000f33        0x1 ../Modules/Module_LED/stm32f10x_module_led.o
 .bss.SysClock  0x0000000020000f34        0x1 ../Modules/Module_System/stm32f10x_module_system.o
                0x0000000020000f34                SysClock
 .bss.ClibraFlag
                0x0000000020000f35        0x1 ../Algorithm/Algorithm_Control/stm32f10x_algorithm_control.o
                0x0000000020000f35                ClibraFlag
 .bss.IMUcalibratflag
                0x0000000020000f36        0x1 ../Algorithm/Algorithm_Control/stm32f10x_algorithm_control.o
                0x0000000020000f36                IMUcalibratflag
 .bss.Lockflag  0x0000000020000f37        0x1 ../Algorithm/Algorithm_Control/stm32f10x_algorithm_control.o
                0x0000000020000f37                Lockflag
 .bss.Pitch     0x0000000020000f38        0x4 ../Algorithm/Algorithm_Control/stm32f10x_algorithm_control.o
                0x0000000020000f38                Pitch
 .bss.Pitch_Calibra
                0x0000000020000f3c        0x2 ../Algorithm/Algorithm_Control/stm32f10x_algorithm_control.o
                0x0000000020000f3c                Pitch_Calibra
 *fill*         0x0000000020000f3e        0x2 
 .bss.Roll      0x0000000020000f40        0x4 ../Algorithm/Algorithm_Control/stm32f10x_algorithm_control.o
                0x0000000020000f40                Roll
 .bss.Roll_Calibra
                0x0000000020000f44        0x2 ../Algorithm/Algorithm_Control/stm32f10x_algorithm_control.o
                0x0000000020000f44                Roll_Calibra
 *fill*         0x0000000020000f46        0x2 
 .bss.Throttle  0x0000000020000f48        0x4 ../Algorithm/Algorithm_Control/stm32f10x_algorithm_control.o
                0x0000000020000f48                Throttle
 .bss.Throttle_Calibra
                0x0000000020000f4c        0x2 ../Algorithm/Algorithm_Control/stm32f10x_algorithm_control.o
                0x0000000020000f4c                Throttle_Calibra
 *fill*         0x0000000020000f4e        0x2 
 .bss.Yaw       0x0000000020000f50        0x4 ../Algorithm/Algorithm_Control/stm32f10x_algorithm_control.o
                0x0000000020000f50                Yaw
 .bss.Yaw_Calibra
                0x0000000020000f54        0x2 ../Algorithm/Algorithm_Control/stm32f10x_algorithm_control.o
                0x0000000020000f54                Yaw_Calibra
 .bss.i.6275    0x0000000020000f56        0x1 ../Algorithm/Algorithm_Control/stm32f10x_algorithm_control.o
 *fill*         0x0000000020000f57        0x1 
 .bss.sysTickUptime
                0x0000000020000f58        0x4 ../User/stm32f10x_it.o
                0x0000000020000f58                sysTickUptime
 .bss.usTicks   0x0000000020000f5c        0x4 ../User/stm32f10x_it.o
 .bss.ledsta.6375
                0x0000000020000f60        0x1 ../User/main.o
 *fill*         0x0000000020000f61        0x3 
 .bss.__malloc_current_mallinfo
                0x0000000020000f64       0x28 /usr/bin/../lib/gcc/arm-none-eabi/6.2.1/../../../../arm-none-eabi/lib/thumb/v7-m/libg.a(lib_a-mallocr.o)
                0x0000000020000f64                __malloc_current_mallinfo
 .bss.__malloc_max_sbrked_mem
                0x0000000020000f8c        0x4 /usr/bin/../lib/gcc/arm-none-eabi/6.2.1/../../../../arm-none-eabi/lib/thumb/v7-m/libg.a(lib_a-mallocr.o)
                0x0000000020000f8c                __malloc_max_sbrked_mem
 .bss.__malloc_max_total_mem
                0x0000000020000f90        0x4 /usr/bin/../lib/gcc/arm-none-eabi/6.2.1/../../../../arm-none-eabi/lib/thumb/v7-m/libg.a(lib_a-mallocr.o)
                0x0000000020000f90                __malloc_max_total_mem
 .bss.__malloc_top_pad
                0x0000000020000f94        0x4 /usr/bin/../lib/gcc/arm-none-eabi/6.2.1/../../../../arm-none-eabi/lib/thumb/v7-m/libg.a(lib_a-mallocr.o)
                0x0000000020000f94                __malloc_top_pad
 .bss.heap_end.6154
                0x0000000020000f98        0x4 /usr/bin/../lib/gcc/arm-none-eabi/6.2.1/../../../../arm-none-eabi/lib/thumb/v7-m/librdimon.a(rdimon-syscalls.o)
 .bss.openfiles
                0x0000000020000f9c       0xa0 /usr/bin/../lib/gcc/arm-none-eabi/6.2.1/../../../../arm-none-eabi/lib/thumb/v7-m/librdimon.a(rdimon-syscalls.o)
 *(COMMON)
 COMMON         0x000000002000103c        0x4 /usr/bin/../lib/gcc/arm-none-eabi/6.2.1/../../../../arm-none-eabi/lib/thumb/v7-m/libg.a(lib_a-reent.o)
                0x000000002000103c                errno
                0x0000000020001040                . = ALIGN (0x4)
                0x0000000020001040                _ebss = .
                0x0000000020001040                . = ALIGN (0x4)
                0x0000000020001040                end = .

._heap          0x0000000020001040      0x200 load address 0x00000000080089d0
                0x0000000020001040                . = ALIGN (0x4)
                0x0000000020001240                . = (. + _heap_size)
 *fill*         0x0000000020001040      0x200 
                0x0000000020001240                . = ALIGN (0x4)

._stack         0x0000000020001240      0x400 load address 0x0000000008008bd0
                0x0000000020001240                . = ALIGN (0x4)
                0x0000000020001640                . = (. + _stack_size)
 *fill*         0x0000000020001240      0x400 
                0x0000000020001640                . = ALIGN (0x4)
                0x000000000000010c                __isr_vector_size__ = SIZEOF (.isr_vector)
                0x0000000000007878                __text_size__ = SIZEOF (.text)
                0x00000000000009d8                __data_size__ = SIZEOF (.data)
                0x0000000000000668                __bss_size__ = SIZEOF (.bss)
OUTPUT(breeze_remote_none.elf elf32-littlearm)

.ARM.attributes
                0x0000000000000000       0x2f
 .ARM.attributes
                0x0000000000000000       0x21 ../Libraries/CMSIS/startup/gcc/startup_stm32f10x_md.o
 .ARM.attributes
                0x0000000000000021       0x33 ../Libraries/CMSIS/system_stm32f10x.o
 .ARM.attributes
                0x0000000000000054       0x33 ../Libraries/FWLib/src/stm32f10x_rcc.o
 .ARM.attributes
                0x0000000000000087       0x33 ../Libraries/FWLib/src/stm32f10x_usart.o
 .ARM.attributes
                0x00000000000000ba       0x33 ../Libraries/FWLib/src/stm32f10x_tim.o
 .ARM.attributes
                0x00000000000000ed       0x33 ../Libraries/FWLib/src/misc.o
 .ARM.attributes
                0x0000000000000120       0x33 ../Libraries/FWLib/src/stm32f10x_spi.o
 .ARM.attributes
                0x0000000000000153       0x33 ../Libraries/FWLib/src/stm32f10x_exti.o
 .ARM.attributes
                0x0000000000000186       0x33 ../Libraries/FWLib/src/stm32f10x_gpio.o
 .ARM.attributes
                0x00000000000001b9       0x33 ../Drivers/Driver_ADC/stm32f10x_driver_adc.o
 .ARM.attributes
                0x00000000000001ec       0x33 ../Drivers/Driver_Delay/stm32f10x_driver_delay.o
 .ARM.attributes
                0x000000000000021f       0x33 ../Drivers/Driver_EEPROM/stm32f10x_driver_eeprom.o
 .ARM.attributes
                0x0000000000000252       0x33 ../Drivers/Driver_Flash/stm32f10x_driver_flash.o
 .ARM.attributes
                0x0000000000000285       0x33 ../Drivers/Driver_SPI/stm32f10x_driver_spi.o
 .ARM.attributes
                0x00000000000002b8       0x33 ../Drivers/Driver_Timer/stm32f10x_driver_timer.o
 .ARM.attributes
                0x00000000000002eb       0x33 ../Drivers/Driver_USART/stm32f10x_driver_usart.o
 .ARM.attributes
                0x000000000000031e       0x33 ../Modules/Module_CommLink/stm32f10x_module_comm_link.o
 .ARM.attributes
                0x0000000000000351       0x33 ../Modules/Module_Key/stm32f10x_module_key.o
 .ARM.attributes
                0x0000000000000384       0x33 ../Modules/Module_LED/stm32f10x_module_led.o
 .ARM.attributes
                0x00000000000003b7       0x33 ../Modules/Module_NRF24L01/stm32f10x_module_nrf24l01.o
 .ARM.attributes
                0x00000000000003ea       0x33 ../Modules/Module_System/stm32f10x_module_system.o
 .ARM.attributes
                0x000000000000041d       0x33 ../Algorithm/Algorithm_Control/stm32f10x_algorithm_control.o
 .ARM.attributes
                0x0000000000000450       0x33 ../User/stm32f10x_it.o
 .ARM.attributes
                0x0000000000000483       0x33 ../User/main.o
 .ARM.attributes
                0x00000000000004b6       0x1d /usr/bin/../lib/gcc/arm-none-eabi/6.2.1/thumb/v7-m/libgcc.a(_arm_addsubsf3.o)
 .ARM.attributes
                0x00000000000004d3       0x1d /usr/bin/../lib/gcc/arm-none-eabi/6.2.1/thumb/v7-m/libgcc.a(_arm_muldivsf3.o)
 .ARM.attributes
                0x00000000000004f0       0x1d /usr/bin/../lib/gcc/arm-none-eabi/6.2.1/thumb/v7-m/libgcc.a(_arm_fixunssfsi.o)
 .ARM.attributes
                0x000000000000050d       0x2d /usr/bin/../lib/gcc/arm-none-eabi/6.2.1/../../../../arm-none-eabi/lib/thumb/v7-m/libg.a(lib_a-printf.o)
 .ARM.attributes
                0x000000000000053a       0x2d /usr/bin/../lib/gcc/arm-none-eabi/6.2.1/../../../../arm-none-eabi/lib/thumb/v7-m/libg.a(lib_a-vfprintf.o)
 .ARM.attributes
                0x0000000000000567       0x2d /usr/bin/../lib/gcc/arm-none-eabi/6.2.1/../../../../arm-none-eabi/lib/thumb/v7-m/libg.a(lib_a-wsetup.o)
 .ARM.attributes
                0x0000000000000594       0x2d /usr/bin/../lib/gcc/arm-none-eabi/6.2.1/../../../../arm-none-eabi/lib/thumb/v7-m/libg.a(lib_a-dtoa.o)
 .ARM.attributes
                0x00000000000005c1       0x2d /usr/bin/../lib/gcc/arm-none-eabi/6.2.1/../../../../arm-none-eabi/lib/thumb/v7-m/libg.a(lib_a-fflush.o)
 .ARM.attributes
                0x00000000000005ee       0x2d /usr/bin/../lib/gcc/arm-none-eabi/6.2.1/../../../../arm-none-eabi/lib/thumb/v7-m/libg.a(lib_a-findfp.o)
 .ARM.attributes
                0x000000000000061b       0x2d /usr/bin/../lib/gcc/arm-none-eabi/6.2.1/../../../../arm-none-eabi/lib/thumb/v7-m/libg.a(lib_a-freer.o)
 .ARM.attributes
                0x0000000000000648       0x2d /usr/bin/../lib/gcc/arm-none-eabi/6.2.1/../../../../arm-none-eabi/lib/thumb/v7-m/libg.a(lib_a-fwalk.o)
 .ARM.attributes
                0x0000000000000675       0x2d /usr/bin/../lib/gcc/arm-none-eabi/6.2.1/../../../../arm-none-eabi/lib/thumb/v7-m/libg.a(lib_a-impure.o)
 .ARM.attributes
                0x00000000000006a2       0x2d /usr/bin/../lib/gcc/arm-none-eabi/6.2.1/../../../../arm-none-eabi/lib/thumb/v7-m/libg.a(lib_a-localeconv.o)
 .ARM.attributes
                0x00000000000006cf       0x2d /usr/bin/../lib/gcc/arm-none-eabi/6.2.1/../../../../arm-none-eabi/lib/thumb/v7-m/libg.a(lib_a-makebuf.o)
 .ARM.attributes
                0x00000000000006fc       0x2d /usr/bin/../lib/gcc/arm-none-eabi/6.2.1/../../../../arm-none-eabi/lib/thumb/v7-m/libg.a(lib_a-mallocr.o)
 .ARM.attributes
                0x0000000000000729       0x2d /usr/bin/../lib/gcc/arm-none-eabi/6.2.1/../../../../arm-none-eabi/lib/thumb/v7-m/libg.a(lib_a-memchr-stub.o)
 .ARM.attributes
                0x0000000000000756       0x1b /usr/bin/../lib/gcc/arm-none-eabi/6.2.1/../../../../arm-none-eabi/lib/thumb/v7-m/libg.a(lib_a-memcpy.o)
 .ARM.attributes
                0x0000000000000771       0x2d /usr/bin/../lib/gcc/arm-none-eabi/6.2.1/../../../../arm-none-eabi/lib/thumb/v7-m/libg.a(lib_a-memset.o)
 .ARM.attributes
                0x000000000000079e       0x2d /usr/bin/../lib/gcc/arm-none-eabi/6.2.1/../../../../arm-none-eabi/lib/thumb/v7-m/libg.a(lib_a-mlock.o)
 .ARM.attributes
                0x00000000000007cb       0x2d /usr/bin/../lib/gcc/arm-none-eabi/6.2.1/../../../../arm-none-eabi/lib/thumb/v7-m/libg.a(lib_a-mprec.o)
 .ARM.attributes
                0x00000000000007f8       0x2d /usr/bin/../lib/gcc/arm-none-eabi/6.2.1/../../../../arm-none-eabi/lib/thumb/v7-m/libg.a(lib_a-sbrkr.o)
 .ARM.attributes
                0x0000000000000825       0x2d /usr/bin/../lib/gcc/arm-none-eabi/6.2.1/../../../../arm-none-eabi/lib/thumb/v7-m/libg.a(lib_a-stdio.o)
 .ARM.attributes
                0x0000000000000852       0x2d /usr/bin/../lib/gcc/arm-none-eabi/6.2.1/../../../../arm-none-eabi/lib/thumb/v7-m/libg.a(lib_a-strlen-stub.o)
 .ARM.attributes
                0x000000000000087f       0x2d /usr/bin/../lib/gcc/arm-none-eabi/6.2.1/../../../../arm-none-eabi/lib/thumb/v7-m/libg.a(lib_a-vfiprintf.o)
 .ARM.attributes
                0x00000000000008ac       0x2d /usr/bin/../lib/gcc/arm-none-eabi/6.2.1/../../../../arm-none-eabi/lib/thumb/v7-m/libg.a(lib_a-writer.o)
 .ARM.attributes
                0x00000000000008d9       0x2d /usr/bin/../lib/gcc/arm-none-eabi/6.2.1/../../../../arm-none-eabi/lib/thumb/v7-m/libg.a(lib_a-callocr.o)
 .ARM.attributes
                0x0000000000000906       0x2d /usr/bin/../lib/gcc/arm-none-eabi/6.2.1/../../../../arm-none-eabi/lib/thumb/v7-m/libg.a(lib_a-closer.o)
 .ARM.attributes
                0x0000000000000933       0x2d /usr/bin/../lib/gcc/arm-none-eabi/6.2.1/../../../../arm-none-eabi/lib/thumb/v7-m/libg.a(lib_a-fclose.o)
 .ARM.attributes
                0x0000000000000960       0x2d /usr/bin/../lib/gcc/arm-none-eabi/6.2.1/../../../../arm-none-eabi/lib/thumb/v7-m/libg.a(lib_a-fputwc.o)
 .ARM.attributes
                0x000000000000098d       0x2d /usr/bin/../lib/gcc/arm-none-eabi/6.2.1/../../../../arm-none-eabi/lib/thumb/v7-m/libg.a(lib_a-fstatr.o)
 .ARM.attributes
                0x00000000000009ba       0x2d /usr/bin/../lib/gcc/arm-none-eabi/6.2.1/../../../../arm-none-eabi/lib/thumb/v7-m/libg.a(lib_a-fvwrite.o)
 .ARM.attributes
                0x00000000000009e7       0x2d /usr/bin/../lib/gcc/arm-none-eabi/6.2.1/../../../../arm-none-eabi/lib/thumb/v7-m/libg.a(lib_a-isattyr.o)
 .ARM.attributes
                0x0000000000000a14       0x2d /usr/bin/../lib/gcc/arm-none-eabi/6.2.1/../../../../arm-none-eabi/lib/thumb/v7-m/libg.a(lib_a-locale.o)
 .ARM.attributes
                0x0000000000000a41       0x2d /usr/bin/../lib/gcc/arm-none-eabi/6.2.1/../../../../arm-none-eabi/lib/thumb/v7-m/libg.a(lib_a-lseekr.o)
 .ARM.attributes
                0x0000000000000a6e       0x2d /usr/bin/../lib/gcc/arm-none-eabi/6.2.1/../../../../arm-none-eabi/lib/thumb/v7-m/libg.a(lib_a-mbtowc_r.o)
 .ARM.attributes
                0x0000000000000a9b       0x2d /usr/bin/../lib/gcc/arm-none-eabi/6.2.1/../../../../arm-none-eabi/lib/thumb/v7-m/libg.a(lib_a-memmove.o)
 .ARM.attributes
                0x0000000000000ac8       0x2d /usr/bin/../lib/gcc/arm-none-eabi/6.2.1/../../../../arm-none-eabi/lib/thumb/v7-m/libg.a(lib_a-readr.o)
 .ARM.attributes
                0x0000000000000af5       0x2d /usr/bin/../lib/gcc/arm-none-eabi/6.2.1/../../../../arm-none-eabi/lib/thumb/v7-m/libg.a(lib_a-reallocr.o)
 .ARM.attributes
                0x0000000000000b22       0x2d /usr/bin/../lib/gcc/arm-none-eabi/6.2.1/../../../../arm-none-eabi/lib/thumb/v7-m/libg.a(lib_a-reent.o)
 .ARM.attributes
                0x0000000000000b4f       0x2d /usr/bin/../lib/gcc/arm-none-eabi/6.2.1/../../../../arm-none-eabi/lib/thumb/v7-m/libg.a(lib_a-wbuf.o)
 .ARM.attributes
                0x0000000000000b7c       0x2d /usr/bin/../lib/gcc/arm-none-eabi/6.2.1/../../../../arm-none-eabi/lib/thumb/v7-m/libg.a(lib_a-wcrtomb.o)
 .ARM.attributes
                0x0000000000000ba9       0x2d /usr/bin/../lib/gcc/arm-none-eabi/6.2.1/../../../../arm-none-eabi/lib/thumb/v7-m/libg.a(lib_a-wctomb_r.o)
 .ARM.attributes
                0x0000000000000bd6       0x2d /usr/bin/../lib/gcc/arm-none-eabi/6.2.1/../../../../arm-none-eabi/lib/thumb/v7-m/libg.a(lib_a-ctype_.o)
 .ARM.attributes
                0x0000000000000c03       0x1d /usr/bin/../lib/gcc/arm-none-eabi/6.2.1/thumb/v7-m/libgcc.a(_arm_addsubdf3.o)
 .ARM.attributes
                0x0000000000000c20       0x1d /usr/bin/../lib/gcc/arm-none-eabi/6.2.1/thumb/v7-m/libgcc.a(_arm_muldivdf3.o)
 .ARM.attributes
                0x0000000000000c3d       0x1d /usr/bin/../lib/gcc/arm-none-eabi/6.2.1/thumb/v7-m/libgcc.a(_arm_cmpdf2.o)
 .ARM.attributes
                0x0000000000000c5a       0x1d /usr/bin/../lib/gcc/arm-none-eabi/6.2.1/thumb/v7-m/libgcc.a(_arm_unorddf2.o)
 .ARM.attributes
                0x0000000000000c77       0x1d /usr/bin/../lib/gcc/arm-none-eabi/6.2.1/thumb/v7-m/libgcc.a(_arm_fixdfsi.o)
 .ARM.attributes
                0x0000000000000c94       0x1d /usr/bin/../lib/gcc/arm-none-eabi/6.2.1/thumb/v7-m/libgcc.a(_aeabi_uldivmod.o)
 .ARM.attributes
                0x0000000000000cb1       0x2d /usr/bin/../lib/gcc/arm-none-eabi/6.2.1/thumb/v7-m/libgcc.a(_udivmoddi4.o)
 .ARM.attributes
                0x0000000000000cde       0x1d /usr/bin/../lib/gcc/arm-none-eabi/6.2.1/thumb/v7-m/libgcc.a(_dvmd_tls.o)
 .ARM.attributes
                0x0000000000000cfb       0x2d /usr/bin/../lib/gcc/arm-none-eabi/6.2.1/../../../../arm-none-eabi/lib/thumb/v7-m/librdimon.a(rdimon-syscalls.o)
 .ARM.attributes
                0x0000000000000d28       0x2d /usr/bin/../lib/gcc/arm-none-eabi/6.2.1/../../../../arm-none-eabi/lib/thumb/v7-m/libc.a(lib_a-errno.o)

.comment        0x0000000000000000       0x6e
 .comment       0x0000000000000000       0x6e ../Libraries/CMSIS/system_stm32f10x.o
                                         0x6f (size before relaxing)
 .comment       0x000000000000006e       0x6f ../Libraries/FWLib/src/stm32f10x_rcc.o
 .comment       0x000000000000006e       0x6f ../Libraries/FWLib/src/stm32f10x_usart.o
 .comment       0x000000000000006e       0x6f ../Libraries/FWLib/src/stm32f10x_tim.o
 .comment       0x000000000000006e       0x6f ../Libraries/FWLib/src/misc.o
 .comment       0x000000000000006e       0x6f ../Libraries/FWLib/src/stm32f10x_spi.o
 .comment       0x000000000000006e       0x6f ../Libraries/FWLib/src/stm32f10x_exti.o
 .comment       0x000000000000006e       0x6f ../Libraries/FWLib/src/stm32f10x_gpio.o
 .comment       0x000000000000006e       0x6f ../Drivers/Driver_ADC/stm32f10x_driver_adc.o
 .comment       0x000000000000006e       0x6f ../Drivers/Driver_Delay/stm32f10x_driver_delay.o
 .comment       0x000000000000006e       0x6f ../Drivers/Driver_EEPROM/stm32f10x_driver_eeprom.o
 .comment       0x000000000000006e       0x6f ../Drivers/Driver_Flash/stm32f10x_driver_flash.o
 .comment       0x000000000000006e       0x6f ../Drivers/Driver_SPI/stm32f10x_driver_spi.o
 .comment       0x000000000000006e       0x6f ../Drivers/Driver_Timer/stm32f10x_driver_timer.o
 .comment       0x000000000000006e       0x6f ../Drivers/Driver_USART/stm32f10x_driver_usart.o
 .comment       0x000000000000006e       0x6f ../Modules/Module_CommLink/stm32f10x_module_comm_link.o
 .comment       0x000000000000006e       0x6f ../Modules/Module_Key/stm32f10x_module_key.o
 .comment       0x000000000000006e       0x6f ../Modules/Module_LED/stm32f10x_module_led.o
 .comment       0x000000000000006e       0x6f ../Modules/Module_NRF24L01/stm32f10x_module_nrf24l01.o
 .comment       0x000000000000006e       0x6f ../Modules/Module_System/stm32f10x_module_system.o
 .comment       0x000000000000006e       0x6f ../Algorithm/Algorithm_Control/stm32f10x_algorithm_control.o
 .comment       0x000000000000006e       0x6f ../User/stm32f10x_it.o
 .comment       0x000000000000006e       0x6f ../User/main.o

.debug_line     0x0000000000000000     0x4431
 .debug_line    0x0000000000000000       0x91 ../Libraries/CMSIS/startup/gcc/startup_stm32f10x_md.o
 .debug_line    0x0000000000000091      0x146 ../Libraries/CMSIS/system_stm32f10x.o
 .debug_line    0x00000000000001d7      0x3d5 ../Libraries/FWLib/src/stm32f10x_rcc.o
 .debug_line    0x00000000000005ac      0x3f5 ../Libraries/FWLib/src/stm32f10x_usart.o
 .debug_line    0x00000000000009a1      0xa79 ../Libraries/FWLib/src/stm32f10x_tim.o
 .debug_line    0x000000000000141a      0x176 ../Libraries/FWLib/src/misc.o
 .debug_line    0x0000000000001590      0x373 ../Libraries/FWLib/src/stm32f10x_spi.o
 .debug_line    0x0000000000001903      0x1c2 ../Libraries/FWLib/src/stm32f10x_exti.o
 .debug_line    0x0000000000001ac5      0x303 ../Libraries/FWLib/src/stm32f10x_gpio.o
 .debug_line    0x0000000000001dc8      0x193 ../Drivers/Driver_ADC/stm32f10x_driver_adc.o
 .debug_line    0x0000000000001f5b      0x17b ../Drivers/Driver_Delay/stm32f10x_driver_delay.o
 .debug_line    0x00000000000020d6      0x2a5 ../Drivers/Driver_EEPROM/stm32f10x_driver_eeprom.o
 .debug_line    0x000000000000237b      0x2e9 ../Drivers/Driver_Flash/stm32f10x_driver_flash.o
 .debug_line    0x0000000000002664      0x22e ../Drivers/Driver_SPI/stm32f10x_driver_spi.o
 .debug_line    0x0000000000002892      0x274 ../Drivers/Driver_Timer/stm32f10x_driver_timer.o
 .debug_line    0x0000000000002b06      0x303 ../Drivers/Driver_USART/stm32f10x_driver_usart.o
 .debug_line    0x0000000000002e09      0x260 ../Modules/Module_CommLink/stm32f10x_module_comm_link.o
 .debug_line    0x0000000000003069      0x2d3 ../Modules/Module_Key/stm32f10x_module_key.o
 .debug_line    0x000000000000333c      0x1ac ../Modules/Module_LED/stm32f10x_module_led.o
 .debug_line    0x00000000000034e8      0x3fb ../Modules/Module_NRF24L01/stm32f10x_module_nrf24l01.o
 .debug_line    0x00000000000038e3      0x1fe ../Modules/Module_System/stm32f10x_module_system.o
 .debug_line    0x0000000000003ae1      0x3c5 ../Algorithm/Algorithm_Control/stm32f10x_algorithm_control.o
 .debug_line    0x0000000000003ea6      0x1d4 ../User/stm32f10x_it.o
 .debug_line    0x000000000000407a      0x3b7 ../User/main.o

.debug_info     0x0000000000000000     0xe6c2
 .debug_info    0x0000000000000000       0x92 ../Libraries/CMSIS/startup/gcc/startup_stm32f10x_md.o
 .debug_info    0x0000000000000092      0x4d6 ../Libraries/CMSIS/system_stm32f10x.o
 .debug_info    0x0000000000000568      0x976 ../Libraries/FWLib/src/stm32f10x_rcc.o
 .debug_info    0x0000000000000ede      0xb81 ../Libraries/FWLib/src/stm32f10x_usart.o
 .debug_info    0x0000000000001a5f     0x224f ../Libraries/FWLib/src/stm32f10x_tim.o
 .debug_info    0x0000000000003cae      0x55c ../Libraries/FWLib/src/misc.o
 .debug_info    0x000000000000420a      0xa53 ../Libraries/FWLib/src/stm32f10x_spi.o
 .debug_info    0x0000000000004c5d      0x388 ../Libraries/FWLib/src/stm32f10x_exti.o
 .debug_info    0x0000000000004fe5      0x859 ../Libraries/FWLib/src/stm32f10x_gpio.o
 .debug_info    0x000000000000583e      0x472 ../Drivers/Driver_ADC/stm32f10x_driver_adc.o
 .debug_info    0x0000000000005cb0      0x23e ../Drivers/Driver_Delay/stm32f10x_driver_delay.o
 .debug_info    0x0000000000005eee      0x47e ../Drivers/Driver_EEPROM/stm32f10x_driver_eeprom.o
 .debug_info    0x000000000000636c      0xfb0 ../Drivers/Driver_Flash/stm32f10x_driver_flash.o
 .debug_info    0x000000000000731c      0xfb8 ../Drivers/Driver_SPI/stm32f10x_driver_spi.o
 .debug_info    0x00000000000082d4      0x9fe ../Drivers/Driver_Timer/stm32f10x_driver_timer.o
 .debug_info    0x0000000000008cd2     0x1314 ../Drivers/Driver_USART/stm32f10x_driver_usart.o
 .debug_info    0x0000000000009fe6      0xc9d ../Modules/Module_CommLink/stm32f10x_module_comm_link.o
 .debug_info    0x000000000000ac83      0x8dc ../Modules/Module_Key/stm32f10x_module_key.o
 .debug_info    0x000000000000b55f      0x3d8 ../Modules/Module_LED/stm32f10x_module_led.o
 .debug_info    0x000000000000b937     0x152b ../Modules/Module_NRF24L01/stm32f10x_module_nrf24l01.o
 .debug_info    0x000000000000ce62      0x407 ../Modules/Module_System/stm32f10x_module_system.o
 .debug_info    0x000000000000d269      0x683 ../Algorithm/Algorithm_Control/stm32f10x_algorithm_control.o
 .debug_info    0x000000000000d8ec      0x327 ../User/stm32f10x_it.o
 .debug_info    0x000000000000dc13      0xaaf ../User/main.o

.debug_abbrev   0x0000000000000000     0x2f7f
 .debug_abbrev  0x0000000000000000       0x12 ../Libraries/CMSIS/startup/gcc/startup_stm32f10x_md.o
 .debug_abbrev  0x0000000000000012      0x1b9 ../Libraries/CMSIS/system_stm32f10x.o
 .debug_abbrev  0x00000000000001cb      0x22d ../Libraries/FWLib/src/stm32f10x_rcc.o
 .debug_abbrev  0x00000000000003f8      0x230 ../Libraries/FWLib/src/stm32f10x_usart.o
 .debug_abbrev  0x0000000000000628      0x31c ../Libraries/FWLib/src/stm32f10x_tim.o
 .debug_abbrev  0x0000000000000944      0x18e ../Libraries/FWLib/src/misc.o
 .debug_abbrev  0x0000000000000ad2      0x218 ../Libraries/FWLib/src/stm32f10x_spi.o
 .debug_abbrev  0x0000000000000cea      0x1dd ../Libraries/FWLib/src/stm32f10x_exti.o
 .debug_abbrev  0x0000000000000ec7      0x239 ../Libraries/FWLib/src/stm32f10x_gpio.o
 .debug_abbrev  0x0000000000001100      0x166 ../Drivers/Driver_ADC/stm32f10x_driver_adc.o
 .debug_abbrev  0x0000000000001266      0x10a ../Drivers/Driver_Delay/stm32f10x_driver_delay.o
 .debug_abbrev  0x0000000000001370      0x18a ../Drivers/Driver_EEPROM/stm32f10x_driver_eeprom.o
 .debug_abbrev  0x00000000000014fa      0x362 ../Drivers/Driver_Flash/stm32f10x_driver_flash.o
 .debug_abbrev  0x000000000000185c      0x250 ../Drivers/Driver_SPI/stm32f10x_driver_spi.o
 .debug_abbrev  0x0000000000001aac      0x1bc ../Drivers/Driver_Timer/stm32f10x_driver_timer.o
 .debug_abbrev  0x0000000000001c68      0x346 ../Drivers/Driver_USART/stm32f10x_driver_usart.o
 .debug_abbrev  0x0000000000001fae      0x261 ../Modules/Module_CommLink/stm32f10x_module_comm_link.o
 .debug_abbrev  0x000000000000220f      0x1c9 ../Modules/Module_Key/stm32f10x_module_key.o
 .debug_abbrev  0x00000000000023d8      0x167 ../Modules/Module_LED/stm32f10x_module_led.o
 .debug_abbrev  0x000000000000253f      0x2b3 ../Modules/Module_NRF24L01/stm32f10x_module_nrf24l01.o
 .debug_abbrev  0x00000000000027f2      0x19e ../Modules/Module_System/stm32f10x_module_system.o
 .debug_abbrev  0x0000000000002990      0x1fb ../Algorithm/Algorithm_Control/stm32f10x_algorithm_control.o
 .debug_abbrev  0x0000000000002b8b      0x1e1 ../User/stm32f10x_it.o
 .debug_abbrev  0x0000000000002d6c      0x213 ../User/main.o

.debug_aranges  0x0000000000000000      0xb40
 .debug_aranges
                0x0000000000000000       0x28 ../Libraries/CMSIS/startup/gcc/startup_stm32f10x_md.o
 .debug_aranges
                0x0000000000000028       0x28 ../Libraries/CMSIS/system_stm32f10x.o
 .debug_aranges
                0x0000000000000050      0x118 ../Libraries/FWLib/src/stm32f10x_rcc.o
 .debug_aranges
                0x0000000000000168      0x100 ../Libraries/FWLib/src/stm32f10x_usart.o
 .debug_aranges
                0x0000000000000268      0x2d0 ../Libraries/FWLib/src/stm32f10x_tim.o
 .debug_aranges
                0x0000000000000538       0x40 ../Libraries/FWLib/src/misc.o
 .debug_aranges
                0x0000000000000578       0xd0 ../Libraries/FWLib/src/stm32f10x_spi.o
 .debug_aranges
                0x0000000000000648       0x50 ../Libraries/FWLib/src/stm32f10x_exti.o
 .debug_aranges
                0x0000000000000698       0xa8 ../Libraries/FWLib/src/stm32f10x_gpio.o
 .debug_aranges
                0x0000000000000740       0x38 ../Drivers/Driver_ADC/stm32f10x_driver_adc.o
 .debug_aranges
                0x0000000000000778       0x28 ../Drivers/Driver_Delay/stm32f10x_driver_delay.o
 .debug_aranges
                0x00000000000007a0       0x58 ../Drivers/Driver_EEPROM/stm32f10x_driver_eeprom.o
 .debug_aranges
                0x00000000000007f8       0x70 ../Drivers/Driver_Flash/stm32f10x_driver_flash.o
 .debug_aranges
                0x0000000000000868       0x28 ../Drivers/Driver_SPI/stm32f10x_driver_spi.o
 .debug_aranges
                0x0000000000000890       0x40 ../Drivers/Driver_Timer/stm32f10x_driver_timer.o
 .debug_aranges
                0x00000000000008d0       0x60 ../Drivers/Driver_USART/stm32f10x_driver_usart.o
 .debug_aranges
                0x0000000000000930       0x30 ../Modules/Module_CommLink/stm32f10x_module_comm_link.o
 .debug_aranges
                0x0000000000000960       0x38 ../Modules/Module_Key/stm32f10x_module_key.o
 .debug_aranges
                0x0000000000000998       0x28 ../Modules/Module_LED/stm32f10x_module_led.o
 .debug_aranges
                0x00000000000009c0       0x78 ../Modules/Module_NRF24L01/stm32f10x_module_nrf24l01.o
 .debug_aranges
                0x0000000000000a38       0x38 ../Modules/Module_System/stm32f10x_module_system.o
 .debug_aranges
                0x0000000000000a70       0x48 ../Algorithm/Algorithm_Control/stm32f10x_algorithm_control.o
 .debug_aranges
                0x0000000000000ab8       0x68 ../User/stm32f10x_it.o
 .debug_aranges
                0x0000000000000b20       0x20 ../User/main.o

.debug_ranges   0x0000000000000000      0xa88
 .debug_ranges  0x0000000000000000       0x20 ../Libraries/CMSIS/startup/gcc/startup_stm32f10x_md.o
 .debug_ranges  0x0000000000000020       0x30 ../Libraries/CMSIS/system_stm32f10x.o
 .debug_ranges  0x0000000000000050      0x108 ../Libraries/FWLib/src/stm32f10x_rcc.o
 .debug_ranges  0x0000000000000158       0xf0 ../Libraries/FWLib/src/stm32f10x_usart.o
 .debug_ranges  0x0000000000000248      0x308 ../Libraries/FWLib/src/stm32f10x_tim.o
 .debug_ranges  0x0000000000000550       0x30 ../Libraries/FWLib/src/misc.o
 .debug_ranges  0x0000000000000580       0xc0 ../Libraries/FWLib/src/stm32f10x_spi.o
 .debug_ranges  0x0000000000000640       0x40 ../Libraries/FWLib/src/stm32f10x_exti.o
 .debug_ranges  0x0000000000000680       0x98 ../Libraries/FWLib/src/stm32f10x_gpio.o
 .debug_ranges  0x0000000000000718       0x28 ../Drivers/Driver_ADC/stm32f10x_driver_adc.o
 .debug_ranges  0x0000000000000740       0x18 ../Drivers/Driver_Delay/stm32f10x_driver_delay.o
 .debug_ranges  0x0000000000000758       0x48 ../Drivers/Driver_EEPROM/stm32f10x_driver_eeprom.o
 .debug_ranges  0x00000000000007a0       0x60 ../Drivers/Driver_Flash/stm32f10x_driver_flash.o
 .debug_ranges  0x0000000000000800       0x18 ../Drivers/Driver_SPI/stm32f10x_driver_spi.o
 .debug_ranges  0x0000000000000818       0x30 ../Drivers/Driver_Timer/stm32f10x_driver_timer.o
 .debug_ranges  0x0000000000000848       0x50 ../Drivers/Driver_USART/stm32f10x_driver_usart.o
 .debug_ranges  0x0000000000000898       0x20 ../Modules/Module_CommLink/stm32f10x_module_comm_link.o
 .debug_ranges  0x00000000000008b8       0x28 ../Modules/Module_Key/stm32f10x_module_key.o
 .debug_ranges  0x00000000000008e0       0x18 ../Modules/Module_LED/stm32f10x_module_led.o
 .debug_ranges  0x00000000000008f8       0x68 ../Modules/Module_NRF24L01/stm32f10x_module_nrf24l01.o
 .debug_ranges  0x0000000000000960       0x28 ../Modules/Module_System/stm32f10x_module_system.o
 .debug_ranges  0x0000000000000988       0x50 ../Algorithm/Algorithm_Control/stm32f10x_algorithm_control.o
 .debug_ranges  0x00000000000009d8       0x58 ../User/stm32f10x_it.o
 .debug_ranges  0x0000000000000a30       0x58 ../User/main.o

.debug_loc      0x0000000000000000     0x538f
 .debug_loc     0x0000000000000000       0xe9 ../Libraries/CMSIS/system_stm32f10x.o
 .debug_loc     0x00000000000000e9      0x704 ../Libraries/FWLib/src/stm32f10x_rcc.o
 .debug_loc     0x00000000000007ed      0x875 ../Libraries/FWLib/src/stm32f10x_usart.o
 .debug_loc     0x0000000000001062     0x1d64 ../Libraries/FWLib/src/stm32f10x_tim.o
 .debug_loc     0x0000000000002dc6      0x18c ../Libraries/FWLib/src/misc.o
 .debug_loc     0x0000000000002f52      0x646 ../Libraries/FWLib/src/stm32f10x_spi.o
 .debug_loc     0x0000000000003598      0x1a8 ../Libraries/FWLib/src/stm32f10x_exti.o
 .debug_loc     0x0000000000003740      0x5e4 ../Libraries/FWLib/src/stm32f10x_gpio.o
 .debug_loc     0x0000000000003d24      0x161 ../Drivers/Driver_ADC/stm32f10x_driver_adc.o
 .debug_loc     0x0000000000003e85       0x9d ../Drivers/Driver_Delay/stm32f10x_driver_delay.o
 .debug_loc     0x0000000000003f22       0x70 ../Drivers/Driver_EEPROM/stm32f10x_driver_eeprom.o
 .debug_loc     0x0000000000003f92      0x519 ../Drivers/Driver_Flash/stm32f10x_driver_flash.o
 .debug_loc     0x00000000000044ab       0x79 ../Drivers/Driver_SPI/stm32f10x_driver_spi.o
 .debug_loc     0x0000000000004524      0x19a ../Drivers/Driver_Timer/stm32f10x_driver_timer.o
 .debug_loc     0x00000000000046be      0x271 ../Drivers/Driver_USART/stm32f10x_driver_usart.o
 .debug_loc     0x000000000000492f       0xcb ../Modules/Module_CommLink/stm32f10x_module_comm_link.o
 .debug_loc     0x00000000000049fa       0xd4 ../Modules/Module_Key/stm32f10x_module_key.o
 .debug_loc     0x0000000000004ace       0xea ../Modules/Module_LED/stm32f10x_module_led.o
 .debug_loc     0x0000000000004bb8      0x4b7 ../Modules/Module_NRF24L01/stm32f10x_module_nrf24l01.o
 .debug_loc     0x000000000000506f       0xc4 ../Modules/Module_System/stm32f10x_module_system.o
 .debug_loc     0x0000000000005133       0xf6 ../Algorithm/Algorithm_Control/stm32f10x_algorithm_control.o
 .debug_loc     0x0000000000005229       0xbe ../User/stm32f10x_it.o
 .debug_loc     0x00000000000052e7       0xa8 ../User/main.o

.debug_str      0x0000000000000000     0x33d1
 .debug_str     0x0000000000000000      0x2da ../Libraries/CMSIS/system_stm32f10x.o
                                        0x346 (size before relaxing)
 .debug_str     0x00000000000002da      0x3fc ../Libraries/FWLib/src/stm32f10x_rcc.o
                                        0x694 (size before relaxing)
 .debug_str     0x00000000000006d6      0x45b ../Libraries/FWLib/src/stm32f10x_usart.o
                                        0x74a (size before relaxing)
 .debug_str     0x0000000000000b31      0xb84 ../Libraries/FWLib/src/stm32f10x_tim.o
                                        0xe85 (size before relaxing)
 .debug_str     0x00000000000016b5      0x1b0 ../Libraries/FWLib/src/misc.o
                                        0x432 (size before relaxing)
 .debug_str     0x0000000000001865      0x35c ../Libraries/FWLib/src/stm32f10x_spi.o
                                        0x6b7 (size before relaxing)
 .debug_str     0x0000000000001bc1      0x1ab ../Libraries/FWLib/src/stm32f10x_exti.o
                                        0x3c3 (size before relaxing)
 .debug_str     0x0000000000001d6c      0x35d ../Libraries/FWLib/src/stm32f10x_gpio.o
                                        0x5aa (size before relaxing)
 .debug_str     0x00000000000020c9       0xce ../Drivers/Driver_ADC/stm32f10x_driver_adc.o
                                        0x312 (size before relaxing)
 .debug_str     0x0000000000002197       0xaa ../Drivers/Driver_Delay/stm32f10x_driver_delay.o
                                        0x298 (size before relaxing)
 .debug_str     0x0000000000002241      0x217 ../Drivers/Driver_EEPROM/stm32f10x_driver_eeprom.o
                                        0x422 (size before relaxing)
 .debug_str     0x0000000000002458      0x51a ../Drivers/Driver_Flash/stm32f10x_driver_flash.o
                                        0x7d2 (size before relaxing)
 .debug_str     0x0000000000002972       0x63 ../Drivers/Driver_SPI/stm32f10x_driver_spi.o
                                        0x94a (size before relaxing)
 .debug_str     0x00000000000029d5      0x3c8 ../Drivers/Driver_Timer/stm32f10x_driver_timer.o
                                        0x8bb (size before relaxing)
 .debug_str     0x0000000000002d9d      0x154 ../Drivers/Driver_USART/stm32f10x_driver_usart.o
                                        0xc54 (size before relaxing)
 .debug_str     0x0000000000002ef1       0x95 ../Modules/Module_CommLink/stm32f10x_module_comm_link.o
                                        0x6ea (size before relaxing)
 .debug_str     0x0000000000002f86       0xc2 ../Modules/Module_Key/stm32f10x_module_key.o
                                        0x9a0 (size before relaxing)
 .debug_str     0x0000000000003048       0x3c ../Modules/Module_LED/stm32f10x_module_led.o
                                        0x321 (size before relaxing)
 .debug_str     0x0000000000003084      0x107 ../Modules/Module_NRF24L01/stm32f10x_module_nrf24l01.o
                                        0x8b5 (size before relaxing)
 .debug_str     0x000000000000318b       0x6a ../Modules/Module_System/stm32f10x_module_system.o
                                        0x37a (size before relaxing)
 .debug_str     0x00000000000031f5       0xb6 ../Algorithm/Algorithm_Control/stm32f10x_algorithm_control.o
                                        0x445 (size before relaxing)
 .debug_str     0x00000000000032ab       0xe0 ../User/stm32f10x_it.o
                                        0x363 (size before relaxing)
 .debug_str     0x000000000000338b       0x46 ../User/main.o
                                        0x87a (size before relaxing)

.debug_frame    0x0000000000000000     0x2de0
 .debug_frame   0x0000000000000000       0x3c ../Libraries/CMSIS/system_stm32f10x.o
 .debug_frame   0x000000000000003c      0x220 ../Libraries/FWLib/src/stm32f10x_rcc.o
 .debug_frame   0x000000000000025c      0x224 ../Libraries/FWLib/src/stm32f10x_usart.o
 .debug_frame   0x0000000000000480      0x6a4 ../Libraries/FWLib/src/stm32f10x_tim.o
 .debug_frame   0x0000000000000b24       0x68 ../Libraries/FWLib/src/misc.o
 .debug_frame   0x0000000000000b8c      0x1c0 ../Libraries/FWLib/src/stm32f10x_spi.o
 .debug_frame   0x0000000000000d4c       0x9c ../Libraries/FWLib/src/stm32f10x_exti.o
 .debug_frame   0x0000000000000de8      0x170 ../Libraries/FWLib/src/stm32f10x_gpio.o
 .debug_frame   0x0000000000000f58       0x64 ../Drivers/Driver_ADC/stm32f10x_driver_adc.o
 .debug_frame   0x0000000000000fbc       0x48 ../Drivers/Driver_Delay/stm32f10x_driver_delay.o
 .debug_frame   0x0000000000001004       0xb0 ../Drivers/Driver_EEPROM/stm32f10x_driver_eeprom.o
 .debug_frame   0x00000000000010b4      0x118 ../Drivers/Driver_Flash/stm32f10x_driver_flash.o